ARM Linker, 4.1 [Build 481] [Standard]

==============================================================================

Section Cross References

    startup_lpc178x.o(RESET) refers to startup_lpc178x.o(STACK) for __initial_sp
    startup_lpc178x.o(RESET) refers to startup_lpc178x.o(.text) for Reset_Handler
    startup_lpc178x.o(.text) refers to system_lpc178x.o(.text) for SystemInit
    startup_lpc178x.o(.text) refers to entry.o(.ARM.Collect$$$$00000000) for __main
    system_lpc178x.o(.text) refers to system_lpc178x.o(.data) for SystemFrequency
    debug_frmwrk.o(.text) refers to lpc178x_uart.o(.text) for UART_Send
    debug_frmwrk.o(.text) refers to lpc178x_pinsel.o(.text) for PINSEL_ConfigPin
    debug_frmwrk.o(.text) refers to debug_frmwrk.o(.data) for _db_msg
    lpc178x_adc.o(.text) refers to lpc178x_clkpwr.o(.text) for CLKPWR_ConfigPPWR
    lpc178x_gpdma.o(.text) refers to lpc178x_clkpwr.o(.text) for CLKPWR_ConfigPPWR
    lpc178x_gpdma.o(.text) refers to lpc178x_gpdma.o(.data) for pGPDMACh
    lpc178x_gpdma.o(.text) refers to lpc178x_gpdma.o(.constdata) for GPDMA_LUTPerAddr
    lpc178x_pinsel.o(.text) refers to lpc178x_pinsel.o(.constdata) for IOCON_Offset
    lpc178x_uart.o(.text) refers to lpc178x_clkpwr.o(.text) for CLKPWR_GetCLK
    adc_polling.o(.text) refers to debug_frmwrk.o(.text) for debug_frmwrk_init
    adc_polling.o(.text) refers to lpc178x_pinsel.o(.text) for PINSEL_ConfigPin
    adc_polling.o(.text) refers to lpc178x_adc.o(.text) for ADC_Init
    adc_polling.o(.text) refers to adc_polling.o(.data) for menu1
    adc_polling.o(.text) refers to debug_frmwrk.o(.data) for _db_msg
    entry.o(.ARM.Collect$$$$00000000) refers (Special) to entry7.o(.ARM.Collect$$$$00000007) for _main_init
    entry.o(.ARM.Collect$$$$00000000) refers (Special) to entry5.o(.ARM.Collect$$$$00000004) for _main_scatterload
    entry.o(.ARM.Collect$$$$00000000) refers (Special) to entry2.o(.ARM.Collect$$$$00000001) for _main_stk
    entry2.o(.ARM.Collect$$$$00000001) refers to entry2.o(.ARM.Collect$$$$00002712) for __lit__00000000
    entry2.o(.ARM.Collect$$$$00002712) refers to startup_lpc178x.o(STACK) for __initial_sp
    entry2.o(__vectab_stack_and_reset_area) refers to startup_lpc178x.o(STACK) for __initial_sp
    entry2.o(__vectab_stack_and_reset_area) refers to entry.o(.ARM.Collect$$$$00000000) for __main
    entry5.o(.ARM.Collect$$$$00000004) refers to init.o(.text) for __scatterload
    entry7.o(.ARM.Collect$$$$00000007) refers to adc_polling.o(.text) for main
    init.o(.text) refers to entry5.o(.ARM.Collect$$$$00000004) for __main_after_scatterload


==============================================================================

Removing Unused input sections from the image.

    Removing startup_lpc178x.o(HEAP), (8192 bytes).
    Removing core_cm3.o(.emb_text), (32 bytes).
    Removing lpc178x_gpdma.o(.text), (908 bytes).
    Removing lpc178x_gpdma.o(.constdata), (192 bytes).
    Removing lpc178x_gpdma.o(.data), (32 bytes).

5 unused section(s) (total 9356 bytes) removed from the image.

==============================================================================

Image Symbol Table

    Local Symbols

    Symbol Name                              Value     Ov Type        Size  Object(Section)

    ../../../cmprslib/lz77c.c                0x00000000   Number         0  __dclz77c.o ABSOLUTE
    ../../microlib/init/entry.s              0x00000000   Number         0  entry7.o ABSOLUTE
    ../../microlib/init/entry.s              0x00000000   Number         0  entry5.o ABSOLUTE
    ../../microlib/init/entry.s              0x00000000   Number         0  entry2.o ABSOLUTE
    ../../microlib/init/entry.s              0x00000000   Number         0  entry.o ABSOLUTE
    ..\..\..\..\Core\CM3\CoreSupport\core_cm3.c 0x00000000   Number         0  core_cm3.o ABSOLUTE
    ..\..\..\..\Core\CM3\DeviceSupport\NXP\LPC178x\startup\arm\startup_LPC178x.s 0x00000000   Number         0  startup_lpc178x.o ABSOLUTE
    ..\..\..\..\Core\CM3\DeviceSupport\NXP\LPC178x\system_LPC178x.c 0x00000000   Number         0  system_lpc178x.o ABSOLUTE
    ..\..\..\..\Drivers\source\debug_frmwrk.c 0x00000000   Number         0  debug_frmwrk.o ABSOLUTE
    ..\..\..\..\Drivers\source\lpc178x_adc.c 0x00000000   Number         0  lpc178x_adc.o ABSOLUTE
    ..\..\..\..\Drivers\source\lpc178x_clkpwr.c 0x00000000   Number         0  lpc178x_clkpwr.o ABSOLUTE
    ..\..\..\..\Drivers\source\lpc178x_gpdma.c 0x00000000   Number         0  lpc178x_gpdma.o ABSOLUTE
    ..\..\..\..\Drivers\source\lpc178x_pinsel.c 0x00000000   Number         0  lpc178x_pinsel.o ABSOLUTE
    ..\..\..\..\Drivers\source\lpc178x_uart.c 0x00000000   Number         0  lpc178x_uart.o ABSOLUTE
    ..\Adc_Polling.c                         0x00000000   Number         0  adc_polling.o ABSOLUTE
    ..\\..\\..\\..\\Core\\CM3\\CoreSupport\\core_cm3.c 0x00000000   Number         0  core_cm3.o ABSOLUTE
    dc.s                                     0x00000000   Number         0  dc.o ABSOLUTE
    handlers.s                               0x00000000   Number         0  handlers.o ABSOLUTE
    init.s                                   0x00000000   Number         0  init.o ABSOLUTE
    RESET                                    0x10000000   Section      228  startup_lpc178x.o(RESET)
    .ARM.Collect$$$$00000000                 0x100000e4   Section        0  entry.o(.ARM.Collect$$$$00000000)
    .ARM.Collect$$$$00000001                 0x100000e4   Section        4  entry2.o(.ARM.Collect$$$$00000001)
    .ARM.Collect$$$$00000004                 0x100000e8   Section        4  entry5.o(.ARM.Collect$$$$00000004)
    .ARM.Collect$$$$00000007                 0x100000ec   Section        8  entry7.o(.ARM.Collect$$$$00000007)
    .ARM.Collect$$$$00002712                 0x100000f4   Section        4  entry2.o(.ARM.Collect$$$$00002712)
    __lit__00000000                          0x100000f4   Data           4  entry2.o(.ARM.Collect$$$$00002712)
    .text                                    0x100000f8   Section       36  startup_lpc178x.o(.text)
    .text                                    0x1000011c   Section        0  system_lpc178x.o(.text)
    .text                                    0x1000034c   Section        0  debug_frmwrk.o(.text)
    .text                                    0x10000770   Section        0  lpc178x_adc.o(.text)
    .text                                    0x100008ac   Section        0  lpc178x_clkpwr.o(.text)
    .text                                    0x10000b40   Section        0  lpc178x_pinsel.o(.text)
    PIN_GetPointer                           0x10000b41   Thumb Code    44  lpc178x_pinsel.o(.text)
    .text                                    0x10001528   Section        0  lpc178x_uart.o(.text)
    uart_set_divisors                        0x10001529   Thumb Code   308  lpc178x_uart.o(.text)
    .text                                    0x10001d24   Section        0  adc_polling.o(.text)
    .text                                    0x10001df0   Section       36  init.o(.text)
    .text                                    0x10001e14   Section        0  __dclz77c.o(.text)
    i.__scatterload_copy                     0x10001e74   Section       14  handlers.o(i.__scatterload_copy)
    i.__scatterload_null                     0x10001e82   Section        2  handlers.o(i.__scatterload_null)
    i.__scatterload_zeroinit                 0x10001e84   Section       14  handlers.o(i.__scatterload_zeroinit)
    .constdata                               0x10001e92   Section      330  lpc178x_pinsel.o(.constdata)
    STACK                                    0x10008000   Section     8192  startup_lpc178x.o(STACK)
    .data                                    0x20000000   Section        8  system_lpc178x.o(.data)
    .data                                    0x20000008   Section       40  debug_frmwrk.o(.data)
    .data                                    0x20000030   Section      460  adc_polling.o(.data)

    Global Symbols

    Symbol Name                              Value     Ov Type        Size  Object(Section)

    BuildAttributes$$THM_ISAv4$P$D$K$B$S$PE$A:L22UL41UL21$X:L11$S22US41US21$IEEE1$IW$USESV6$~STKCKD$USESV7$~SHL$OSPACE$EBA8$MICROLIB$REQ8$PRES8$EABIv2 0x00000000   Number         0  anon$$obj.o ABSOLUTE
    __ARM_use_no_argv                        0x00000000   Number         0  adc_polling.o ABSOLUTE
    __Vectors                                0x10000000   Data           4  startup_lpc178x.o(RESET)
    __main                                   0x100000e5   Thumb Code     0  entry.o(.ARM.Collect$$$$00000000)
    _main_stk                                0x100000e5   Thumb Code     0  entry2.o(.ARM.Collect$$$$00000001)
    _main_scatterload                        0x100000e9   Thumb Code     0  entry5.o(.ARM.Collect$$$$00000004)
    __main_after_scatterload                 0x100000ed   Thumb Code     0  entry5.o(.ARM.Collect$$$$00000004)
    _main_init                               0x100000ed   Thumb Code     0  entry7.o(.ARM.Collect$$$$00000007)
    Reset_Handler                            0x100000f9   Thumb Code     8  startup_lpc178x.o(.text)
    NMI_Handler                              0x10000101   Thumb Code     2  startup_lpc178x.o(.text)
    HardFault_Handler                        0x10000103   Thumb Code     2  startup_lpc178x.o(.text)
    MemManage_Handler                        0x10000105   Thumb Code     2  startup_lpc178x.o(.text)
    BusFault_Handler                         0x10000107   Thumb Code     2  startup_lpc178x.o(.text)
    UsageFault_Handler                       0x10000109   Thumb Code     2  startup_lpc178x.o(.text)
    SVC_Handler                              0x1000010b   Thumb Code     2  startup_lpc178x.o(.text)
    DebugMon_Handler                         0x1000010d   Thumb Code     2  startup_lpc178x.o(.text)
    PendSV_Handler                           0x1000010f   Thumb Code     2  startup_lpc178x.o(.text)
    SysTick_Handler                          0x10000111   Thumb Code     2  startup_lpc178x.o(.text)
    ADC_IRQHandler                           0x10000113   Thumb Code     0  startup_lpc178x.o(.text)
    BOD_IRQHandler                           0x10000113   Thumb Code     0  startup_lpc178x.o(.text)
    CANActivity_IRQHandler                   0x10000113   Thumb Code     0  startup_lpc178x.o(.text)
    CAN_IRQHandler                           0x10000113   Thumb Code     0  startup_lpc178x.o(.text)
    DMA_IRQHandler                           0x10000113   Thumb Code     0  startup_lpc178x.o(.text)
    EEPROM_IRQHandler                        0x10000113   Thumb Code     0  startup_lpc178x.o(.text)
    EINT0_IRQHandler                         0x10000113   Thumb Code     0  startup_lpc178x.o(.text)
    EINT1_IRQHandler                         0x10000113   Thumb Code     0  startup_lpc178x.o(.text)
    EINT2_IRQHandler                         0x10000113   Thumb Code     0  startup_lpc178x.o(.text)
    EINT3_IRQHandler                         0x10000113   Thumb Code     0  startup_lpc178x.o(.text)
    ENET_IRQHandler                          0x10000113   Thumb Code     0  startup_lpc178x.o(.text)
    GPIO_IRQHandler                          0x10000113   Thumb Code     0  startup_lpc178x.o(.text)
    I2C0_IRQHandler                          0x10000113   Thumb Code     0  startup_lpc178x.o(.text)
    I2C1_IRQHandler                          0x10000113   Thumb Code     0  startup_lpc178x.o(.text)
    I2C2_IRQHandler                          0x10000113   Thumb Code     0  startup_lpc178x.o(.text)
    I2S_IRQHandler                           0x10000113   Thumb Code     0  startup_lpc178x.o(.text)
    LCD_IRQHandler                           0x10000113   Thumb Code     0  startup_lpc178x.o(.text)
    MCPWM_IRQHandler                         0x10000113   Thumb Code     0  startup_lpc178x.o(.text)
    PLL0_IRQHandler                          0x10000113   Thumb Code     0  startup_lpc178x.o(.text)
    PLL1_IRQHandler                          0x10000113   Thumb Code     0  startup_lpc178x.o(.text)
    PWM0_IRQHandler                          0x10000113   Thumb Code     0  startup_lpc178x.o(.text)
    PWM1_IRQHandler                          0x10000113   Thumb Code     0  startup_lpc178x.o(.text)
    QEI_IRQHandler                           0x10000113   Thumb Code     0  startup_lpc178x.o(.text)
    RTC_IRQHandler                           0x10000113   Thumb Code     0  startup_lpc178x.o(.text)
    SD_IRQHandler                            0x10000113   Thumb Code     0  startup_lpc178x.o(.text)
    SSP0_IRQHandler                          0x10000113   Thumb Code     0  startup_lpc178x.o(.text)
    SSP1_IRQHandler                          0x10000113   Thumb Code     0  startup_lpc178x.o(.text)
    SSP2_IRQHandler                          0x10000113   Thumb Code     0  startup_lpc178x.o(.text)
    TIMER0_IRQHandler                        0x10000113   Thumb Code     0  startup_lpc178x.o(.text)
    TIMER1_IRQHandler                        0x10000113   Thumb Code     0  startup_lpc178x.o(.text)
    TIMER2_IRQHandler                        0x10000113   Thumb Code     0  startup_lpc178x.o(.text)
    TIMER3_IRQHandler                        0x10000113   Thumb Code     0  startup_lpc178x.o(.text)
    UART0_IRQHandler                         0x10000113   Thumb Code     0  startup_lpc178x.o(.text)
    UART1_IRQHandler                         0x10000113   Thumb Code     0  startup_lpc178x.o(.text)
    UART2_IRQHandler                         0x10000113   Thumb Code     0  startup_lpc178x.o(.text)
    UART3_IRQHandler                         0x10000113   Thumb Code     0  startup_lpc178x.o(.text)
    UART4_IRQHandler                         0x10000113   Thumb Code     0  startup_lpc178x.o(.text)
    USBActivity_IRQHandler                   0x10000113   Thumb Code     0  startup_lpc178x.o(.text)
    USB_IRQHandler                           0x10000113   Thumb Code     0  startup_lpc178x.o(.text)
    WDT_IRQHandler                           0x10000113   Thumb Code     0  startup_lpc178x.o(.text)
    SystemInit                               0x1000011d   Thumb Code   484  system_lpc178x.o(.text)
    UARTPutChar                              0x1000034d   Thumb Code    18  debug_frmwrk.o(.text)
    UARTGetChar                              0x1000035f   Thumb Code    26  debug_frmwrk.o(.text)
    UARTPuts                                 0x10000379   Thumb Code    28  debug_frmwrk.o(.text)
    UARTPuts_                                0x10000395   Thumb Code    24  debug_frmwrk.o(.text)
    UARTPutDec                               0x100003ad   Thumb Code    96  debug_frmwrk.o(.text)
    UARTPutDec16                             0x1000040d   Thumb Code   160  debug_frmwrk.o(.text)
    UARTPutDec32                             0x100004ad   Thumb Code   310  debug_frmwrk.o(.text)
    UARTPutHex                               0x100005e3   Thumb Code    66  debug_frmwrk.o(.text)
    UARTPutHex16                             0x10000625   Thumb Code    66  debug_frmwrk.o(.text)
    UARTPutHex32                             0x10000667   Thumb Code    66  debug_frmwrk.o(.text)
    debug_frmwrk_init                        0x100006a9   Thumb Code   132  debug_frmwrk.o(.text)
    ADC_Init                                 0x10000771   Thumb Code    52  lpc178x_adc.o(.text)
    ADC_DeInit                               0x100007a5   Thumb Code    24  lpc178x_adc.o(.text)
    ADC_GetData                              0x100007bd   Thumb Code    14  lpc178x_adc.o(.text)
    ADC_StartCmd                             0x100007cb   Thumb Code    18  lpc178x_adc.o(.text)
    ADC_BurstCmd                             0x100007dd   Thumb Code    20  lpc178x_adc.o(.text)
    ADC_PowerdownCmd                         0x100007f1   Thumb Code    20  lpc178x_adc.o(.text)
    ADC_EdgeStartConfig                      0x10000805   Thumb Code    20  lpc178x_adc.o(.text)
    ADC_IntConfig                            0x10000819   Thumb Code    26  lpc178x_adc.o(.text)
    ADC_ChannelCmd                           0x10000833   Thumb Code    30  lpc178x_adc.o(.text)
    ADC_ChannelGetData                       0x10000851   Thumb Code    16  lpc178x_adc.o(.text)
    ADC_ChannelGetStatus                     0x10000861   Thumb Code    36  lpc178x_adc.o(.text)
    ADC_GlobalGetData                        0x10000885   Thumb Code     6  lpc178x_adc.o(.text)
    ADC_GlobalGetStatus                      0x1000088b   Thumb Code    28  lpc178x_adc.o(.text)
    CLKPWR_SetCLKDiv                         0x100008ad   Thumb Code    72  lpc178x_clkpwr.o(.text)
    CLKPWR_GetCLKSEL                         0x100008f5   Thumb Code    66  lpc178x_clkpwr.o(.text)
    CLKPWR_GetCLK                            0x10000937   Thumb Code   248  lpc178x_clkpwr.o(.text)
    CLKPWR_ConfigPPWR                        0x10000a2f   Thumb Code    38  lpc178x_clkpwr.o(.text)
    CLKPWR_ConfigReset                       0x10000a55   Thumb Code   114  lpc178x_clkpwr.o(.text)
    CLKPWR_Sleep                             0x10000ac7   Thumb Code    10  lpc178x_clkpwr.o(.text)
    CLKPWR_DeepSleep                         0x10000ad1   Thumb Code    20  lpc178x_clkpwr.o(.text)
    CLKPWR_PowerDown                         0x10000ae5   Thumb Code    20  lpc178x_clkpwr.o(.text)
    CLKPWR_DeepPowerDown                     0x10000af9   Thumb Code    20  lpc178x_clkpwr.o(.text)
    PINSEL_ConfigPin                         0x10000b6d   Thumb Code  2066  lpc178x_pinsel.o(.text)
    PINSEL_SetPinMode                        0x1000137f   Thumb Code    40  lpc178x_pinsel.o(.text)
    PINSEL_SetHysMode                        0x100013a7   Thumb Code   206  lpc178x_pinsel.o(.text)
    PINSEL_SetSlewMode                       0x10001475   Thumb Code    46  lpc178x_pinsel.o(.text)
    PINSEL_SetInBufMode                      0x100014a3   Thumb Code    46  lpc178x_pinsel.o(.text)
    PINSEL_SetI2CMode                        0x100014d1   Thumb Code    40  lpc178x_pinsel.o(.text)
    PINSEL_SetOpenDrainMode                  0x100014f9   Thumb Code    46  lpc178x_pinsel.o(.text)
    UART_Init                                0x1000165d   Thumb Code   358  lpc178x_uart.o(.text)
    UART_TxCmd                               0x100017c3   Thumb Code    68  lpc178x_uart.o(.text)
    UART_DeInit                              0x10001807   Thumb Code    74  lpc178x_uart.o(.text)
    UART_ConfigStructInit                    0x10001851   Thumb Code    18  lpc178x_uart.o(.text)
    UART_SendByte                            0x10001863   Thumb Code    14  lpc178x_uart.o(.text)
    UART_ReceiveByte                         0x10001871   Thumb Code    16  lpc178x_uart.o(.text)
    UART_Send                                0x10001881   Thumb Code   146  lpc178x_uart.o(.text)
    UART_Receive                             0x10001913   Thumb Code   132  lpc178x_uart.o(.text)
    UART_ForceBreak                          0x10001997   Thumb Code    26  lpc178x_uart.o(.text)
    UART_IntConfig                           0x100019b1   Thumb Code   114  lpc178x_uart.o(.text)
    UART_GetLineStatus                       0x10001a23   Thumb Code    16  lpc178x_uart.o(.text)
    UART_GetIntId                            0x10001a33   Thumb Code    12  lpc178x_uart.o(.text)
    UART_CheckBusy                           0x10001a3f   Thumb Code    18  lpc178x_uart.o(.text)
    UART_FIFOConfig                          0x10001a51   Thumb Code   104  lpc178x_uart.o(.text)
    UART_FIFOConfigStructInit                0x10001ab9   Thumb Code    14  lpc178x_uart.o(.text)
    UART_ABCmd                               0x10001ac7   Thumb Code   126  lpc178x_uart.o(.text)
    UART_ABClearIntPending                   0x10001b45   Thumb Code    22  lpc178x_uart.o(.text)
    UART_IrDAInvtInputCmd                    0x10001b5b   Thumb Code    34  lpc178x_uart.o(.text)
    UART_IrDACmd                             0x10001b7d   Thumb Code    32  lpc178x_uart.o(.text)
    UART_IrDAPulseDivConfig                  0x10001b9d   Thumb Code    30  lpc178x_uart.o(.text)
    UART_FullModemForcePinState              0x10001bbb   Thumb Code    48  lpc178x_uart.o(.text)
    UART_FullModemConfigMode                 0x10001beb   Thumb Code    56  lpc178x_uart.o(.text)
    UART_FullModemGetStatus                  0x10001c23   Thumb Code     6  lpc178x_uart.o(.text)
    UART_RS485Config                         0x10001c29   Thumb Code    92  lpc178x_uart.o(.text)
    UART_RS485ReceiverCmd                    0x10001c85   Thumb Code    32  lpc178x_uart.o(.text)
    UART_RS485Send                           0x10001ca5   Thumb Code    84  lpc178x_uart.o(.text)
    UART_RS485SendSlvAddr                    0x10001cf9   Thumb Code    18  lpc178x_uart.o(.text)
    UART_RS485SendData                       0x10001d0b   Thumb Code    22  lpc178x_uart.o(.text)
    print_menu                               0x10001d25   Thumb Code    14  adc_polling.o(.text)
    c_entry                                  0x10001d33   Thumb Code   126  adc_polling.o(.text)
    main                                     0x10001db1   Thumb Code     4  adc_polling.o(.text)
    __scatterload                            0x10001df1   Thumb Code    28  init.o(.text)
    __scatterload_rt2                        0x10001df1   Thumb Code     0  init.o(.text)
    __decompress                             0x10001e15   Thumb Code     0  __dclz77c.o(.text)
    __decompress2                            0x10001e15   Thumb Code    96  __dclz77c.o(.text)
    __scatterload_copy                       0x10001e75   Thumb Code    14  handlers.o(i.__scatterload_copy)
    __scatterload_null                       0x10001e83   Thumb Code     2  handlers.o(i.__scatterload_null)
    __scatterload_zeroinit                   0x10001e85   Thumb Code    14  handlers.o(i.__scatterload_zeroinit)
    IOCON_Offset                             0x10001e92   Data         330  lpc178x_pinsel.o(.constdata)
    Region$$Table$$Base                      0x10001fdc   Number         0  anon$$obj.o(Region$$Table)
    Region$$Table$$Limit                     0x10001ffc   Number         0  anon$$obj.o(Region$$Table)
    __initial_sp                             0x1000a000   Data           0  startup_lpc178x.o(STACK)
    SystemFrequency                          0x20000000   Data           4  system_lpc178x.o(.data)
    PeripheralFrequency                      0x20000004   Data           4  system_lpc178x.o(.data)
    _db_msg                                  0x20000008   Data           4  debug_frmwrk.o(.data)
    _db_msg_                                 0x2000000c   Data           4  debug_frmwrk.o(.data)
    _db_char                                 0x20000010   Data           4  debug_frmwrk.o(.data)
    _db_dec                                  0x20000014   Data           4  debug_frmwrk.o(.data)
    _db_dec_16                               0x20000018   Data           4  debug_frmwrk.o(.data)
    _db_dec_32                               0x2000001c   Data           4  debug_frmwrk.o(.data)
    _db_hex                                  0x20000020   Data           4  debug_frmwrk.o(.data)
    _db_hex_16                               0x20000024   Data           4  debug_frmwrk.o(.data)
    _db_hex_32                               0x20000028   Data           4  debug_frmwrk.o(.data)
    _db_get_char                             0x2000002c   Data           4  debug_frmwrk.o(.data)
    menu1                                    0x20000030   Data         460  adc_polling.o(.data)



==============================================================================

Memory Map of the image

  Image Entry point : 0x100000e5

  Load Region LR_IROM1 (Base: 0x10000000, Size: 0x000021f8, Max: 0x00008000, ABSOLUTE, COMPRESSED[0x0000211c])

    Execution Region ER_IROM1 (Base: 0x10000000, Size: 0x00001ffc, Max: 0x00008000, ABSOLUTE)

    Base Addr    Size         Type   Attr      Idx    E Section Name        Object

    0x10000000   0x000000e4   Data   RO            3    RESET               startup_lpc178x.o
    0x100000e4   0x00000000   Code   RO          182  * .ARM.Collect$$$$00000000  mc_w.l(entry.o)(mc_w.l)
    0x100000e4   0x00000004   Code   RO          185    .ARM.Collect$$$$00000001  mc_w.l(entry2.o)(mc_w.l)
    0x100000e8   0x00000004   Code   RO          188    .ARM.Collect$$$$00000004  mc_w.l(entry5.o)(mc_w.l)
    0x100000ec   0x00000008   Code   RO          189    .ARM.Collect$$$$00000007  mc_w.l(entry7.o)(mc_w.l)
    0x100000f4   0x00000004   Code   RO          186    .ARM.Collect$$$$00002712  mc_w.l(entry2.o)(mc_w.l)
    0x100000f8   0x00000024   Code   RO            4    .text               startup_lpc178x.o
    0x1000011c   0x00000230   Code   RO           24    .text               system_lpc178x.o
    0x1000034c   0x00000424   Code   RO           49    .text               debug_frmwrk.o
    0x10000770   0x0000013c   Code   RO           80    .text               lpc178x_adc.o
    0x100008ac   0x00000294   Code   RO           98    .text               lpc178x_clkpwr.o
    0x10000b40   0x000009e6   Code   RO          136    .text               lpc178x_pinsel.o
    0x10001526   0x00000002   PAD
    0x10001528   0x000007fc   Code   RO          151    .text               lpc178x_uart.o
    0x10001d24   0x000000cc   Code   RO          163    .text               adc_polling.o
    0x10001df0   0x00000024   Code   RO          190    .text               mc_w.l(init.o)(mc_w.l)
    0x10001e14   0x00000060   Code   RO          200    .text               mc_w.l(__dclz77c.o)(mc_w.l)
    0x10001e74   0x0000000e   Code   RO          194    i.__scatterload_copy  mc_w.l(handlers.o)(mc_w.l)
    0x10001e82   0x00000002   Code   RO          195    i.__scatterload_null  mc_w.l(handlers.o)(mc_w.l)
    0x10001e84   0x0000000e   Code   RO          196    i.__scatterload_zeroinit  mc_w.l(handlers.o)(mc_w.l)
    0x10001e92   0x0000014a   Data   RO          137    .constdata          lpc178x_pinsel.o
    0x10001fdc   0x00000020   Data   RO          192    Region$$Table       anon$$obj.o


    Execution Region RW_IRAM1 (Base: 0x10008000, Size: 0x00002000, Max: 0x00008000, ABSOLUTE)

    Base Addr    Size         Type   Attr      Idx    E Section Name        Object

    0x10008000   0x00002000   Zero   RW            1    STACK               startup_lpc178x.o


    Execution Region RW_IRAM2 (Base: 0x20000000, Size: 0x000001fc, Max: 0x00008000, ABSOLUTE, COMPRESSED[0x00000120])

    Base Addr    Size         Type   Attr      Idx    E Section Name        Object

    0x20000000   0x00000008   Data   RW           25    .data               system_lpc178x.o
    0x20000008   0x00000028   Data   RW           50    .data               debug_frmwrk.o
    0x20000030   0x000001cc   Data   RW          164    .data               adc_polling.o


==============================================================================

Image component sizes


      Code (inc. data)   RO Data    RW Data    ZI Data      Debug   Object Name

       204         60          0        460          0          0   adc_polling.o
         0          0          0          0          0          0   core_cm3.o
      1060         68          0         40          0          0   debug_frmwrk.o
       316          6          0          0          0          0   lpc178x_adc.o
       660         52          0          0          0          0   lpc178x_clkpwr.o
      2534        478        330          0          0          0   lpc178x_pinsel.o
      2044         32          0          0          0          0   lpc178x_uart.o
        36          8        228          0       8192          0   startup_lpc178x.o
       560         76          0          8          0          0   system_lpc178x.o

    ----------------------------------------------------------------------
      7416        780        590        508       8192          0   Object Totals
         0          0         32          0          0          0   (incl. Generated)
         2          0          0          0          0          2   (incl. Padding)

    ----------------------------------------------------------------------

      Code (inc. data)   RO Data    RW Data    ZI Data      Debug   Library Member Name

        96          0          0          0          0          0   __dclz77c.o
         0          0          0          0          0          0   entry.o
         8          4          0          0          0          0   entry2.o
         4          0          0          0          0          0   entry5.o
         8          4          0          0          0          0   entry7.o
        30          0          0          0          0          0   handlers.o
        36          8          0          0          0          0   init.o

    ----------------------------------------------------------------------
       182         16          0          0          0          0   Library Totals
         0          0          0          0          0          0   (incl. Padding)

    ----------------------------------------------------------------------

      Code (inc. data)   RO Data    RW Data    ZI Data      Debug   Library Name

       182         16          0          0          0         68   mc_w.l

    ----------------------------------------------------------------------
       182         16          0          0          0          0   Library Totals

    ----------------------------------------------------------------------

==============================================================================


      Code (inc. data)   RO Data    RW Data    ZI Data      Debug   

      7598        796        590        508       8192      65068   Grand Totals
      7598        796        590        288       8192      65068   ELF Image Totals (compressed)
      7598        796        590        288          0          0   ROM Totals

==============================================================================

    Total RO  Size (Code + RO Data)                 8188 (   8.00kB)
    Total RW  Size (RW Data + ZI Data)              8700 (   8.50kB)
    Total ROM Size (Code + RO Data + RW Data)       8476 (   8.28kB)

==============================================================================

