ARM Linker, 4.1 [Build 481] [Standard]

==============================================================================

Section Cross References

    startup_lpc178x.o(RESET) refers to startup_lpc178x.o(STACK) for __initial_sp
    startup_lpc178x.o(RESET) refers to startup_lpc178x.o(.text) for Reset_Handler
    startup_lpc178x.o(.text) refers to system_lpc177x_8x.o(.text) for SystemInit
    startup_lpc178x.o(.text) refers to entry.o(.ARM.Collect$$$$00000000) for __main
    system_lpc177x_8x.o(.text) refers to system_lpc177x_8x.o(.data) for SystemCoreClock
    debug_frmwrk.o(.text) refers to lpc178x_uart.o(.text) for UART_Send
    debug_frmwrk.o(.text) refers to lpc178x_pinsel.o(.text) for PINSEL_ConfigPin
    debug_frmwrk.o(.text) refers to debug_frmwrk.o(.data) for _db_msg
    lpc178x_adc.o(.text) refers to lpc178x_clkpwr.o(.text) for CLKPWR_ConfigPPWR
    lpc178x_gpdma.o(.text) refers to lpc178x_clkpwr.o(.text) for CLKPWR_ConfigPPWR
    lpc178x_gpdma.o(.text) refers to lpc178x_gpdma.o(.data) for pGPDMACh
    lpc178x_gpdma.o(.text) refers to lpc178x_gpdma.o(.constdata) for GPDMA_LUTPerAddr
    lpc178x_uart.o(.text) refers to lpc178x_clkpwr.o(.text) for CLKPWR_GetCLK
    adc_polling.o(.text) refers to debug_frmwrk.o(.text) for debug_frmwrk_init
    adc_polling.o(.text) refers to lpc178x_pinsel.o(.text) for PINSEL_ConfigPin
    adc_polling.o(.text) refers to lpc178x_adc.o(.text) for ADC_Init
    adc_polling.o(.text) refers to adc_polling.o(.data) for menu1
    adc_polling.o(.text) refers to debug_frmwrk.o(.data) for _db_msg
    entry.o(.ARM.Collect$$$$00000000) refers (Special) to entry7.o(.ARM.Collect$$$$00000007) for _main_init
    entry.o(.ARM.Collect$$$$00000000) refers (Special) to entry5.o(.ARM.Collect$$$$00000004) for _main_scatterload
    entry.o(.ARM.Collect$$$$00000000) refers (Special) to entry2.o(.ARM.Collect$$$$00000001) for _main_stk
    entry2.o(.ARM.Collect$$$$00000001) refers to entry2.o(.ARM.Collect$$$$00002712) for __lit__00000000
    entry2.o(.ARM.Collect$$$$00002712) refers to startup_lpc178x.o(STACK) for __initial_sp
    entry2.o(__vectab_stack_and_reset_area) refers to startup_lpc178x.o(STACK) for __initial_sp
    entry2.o(__vectab_stack_and_reset_area) refers to entry.o(.ARM.Collect$$$$00000000) for __main
    entry5.o(.ARM.Collect$$$$00000004) refers to init.o(.text) for __scatterload
    entry7.o(.ARM.Collect$$$$00000007) refers to adc_polling.o(.text) for main
    init.o(.text) refers to entry5.o(.ARM.Collect$$$$00000004) for __main_after_scatterload


==============================================================================

Removing Unused input sections from the image.

    Removing startup_lpc178x.o(HEAP), (8192 bytes).
    Removing core_cm3.o(.emb_text), (32 bytes).
    Removing lpc178x_gpdma.o(.text), (908 bytes).
    Removing lpc178x_gpdma.o(.constdata), (192 bytes).
    Removing lpc178x_gpdma.o(.data), (32 bytes).

5 unused section(s) (total 9356 bytes) removed from the image.

==============================================================================

Image Symbol Table

    Local Symbols

    Symbol Name                              Value     Ov Type        Size  Object(Section)

    RESET                                    0x00000000   Section      228  startup_lpc178x.o(RESET)
    ../../../cmprslib/lz77c.c                0x00000000   Number         0  __dclz77c.o ABSOLUTE
    ../../microlib/init/entry.s              0x00000000   Number         0  entry.o ABSOLUTE
    ../../microlib/init/entry.s              0x00000000   Number         0  entry7.o ABSOLUTE
    ../../microlib/init/entry.s              0x00000000   Number         0  entry5.o ABSOLUTE
    ../../microlib/init/entry.s              0x00000000   Number         0  entry2.o ABSOLUTE
    ..\..\..\..\Core\CM3\CoreSupport\core_cm3.c 0x00000000   Number         0  core_cm3.o ABSOLUTE
    ..\..\..\..\Core\CM3\DeviceSupport\NXP\LPC178x\startup\arm\startup_LPC178x.s 0x00000000   Number         0  startup_lpc178x.o ABSOLUTE
    ..\..\..\..\Core\CM3\DeviceSupport\NXP\LPC178x\system_LPC177x_8x.c 0x00000000   Number         0  system_lpc177x_8x.o ABSOLUTE
    ..\..\..\..\Drivers\source\debug_frmwrk.c 0x00000000   Number         0  debug_frmwrk.o ABSOLUTE
    ..\..\..\..\Drivers\source\lpc178x_adc.c 0x00000000   Number         0  lpc178x_adc.o ABSOLUTE
    ..\..\..\..\Drivers\source\lpc178x_clkpwr.c 0x00000000   Number         0  lpc178x_clkpwr.o ABSOLUTE
    ..\..\..\..\Drivers\source\lpc178x_gpdma.c 0x00000000   Number         0  lpc178x_gpdma.o ABSOLUTE
    ..\..\..\..\Drivers\source\lpc178x_pinsel.c 0x00000000   Number         0  lpc178x_pinsel.o ABSOLUTE
    ..\..\..\..\Drivers\source\lpc178x_uart.c 0x00000000   Number         0  lpc178x_uart.o ABSOLUTE
    ..\Adc_Polling.c                         0x00000000   Number         0  adc_polling.o ABSOLUTE
    ..\\..\\..\\..\\Core\\CM3\\CoreSupport\\core_cm3.c 0x00000000   Number         0  core_cm3.o ABSOLUTE
    dc.s                                     0x00000000   Number         0  dc.o ABSOLUTE
    handlers.s                               0x00000000   Number         0  handlers.o ABSOLUTE
    init.s                                   0x00000000   Number         0  init.o ABSOLUTE
    .ARM.Collect$$$$00000000                 0x000000e4   Section        0  entry.o(.ARM.Collect$$$$00000000)
    .ARM.Collect$$$$00000001                 0x000000e4   Section        4  entry2.o(.ARM.Collect$$$$00000001)
    .ARM.Collect$$$$00000004                 0x000000e8   Section        4  entry5.o(.ARM.Collect$$$$00000004)
    .ARM.Collect$$$$00000007                 0x000000ec   Section        8  entry7.o(.ARM.Collect$$$$00000007)
    .ARM.Collect$$$$00002712                 0x000000f4   Section        4  entry2.o(.ARM.Collect$$$$00002712)
    __lit__00000000                          0x000000f4   Data           4  entry2.o(.ARM.Collect$$$$00002712)
    .text                                    0x000000f8   Section       36  startup_lpc178x.o(.text)
    .text                                    0x0000011c   Section        0  system_lpc177x_8x.o(.text)
    .text                                    0x000002cc   Section       36  init.o(.text)
    i.__scatterload_null                     0x000002f0   Section        2  handlers.o(i.__scatterload_null)
    .ARM.__at_0x02FC                         0x000002fc   Section        4  startup_lpc178x.o(.ARM.__at_0x02FC)
    .text                                    0x00000300   Section        0  debug_frmwrk.o(.text)
    .text                                    0x00000724   Section        0  lpc178x_adc.o(.text)
    .text                                    0x00000860   Section        0  lpc178x_clkpwr.o(.text)
    .text                                    0x00000a7c   Section        0  lpc178x_pinsel.o(.text)
    PIN_GetPointer                           0x00000a7d   Thumb Code    18  lpc178x_pinsel.o(.text)
    .text                                    0x00000bc4   Section        0  lpc178x_uart.o(.text)
    uart_set_divisors                        0x00000bc5   Thumb Code   308  lpc178x_uart.o(.text)
    .text                                    0x000013c0   Section        0  adc_polling.o(.text)
    .text                                    0x0000148c   Section        0  __dclz77c.o(.text)
    i.__scatterload_copy                     0x000014ec   Section       14  handlers.o(i.__scatterload_copy)
    i.__scatterload_zeroinit                 0x000014fa   Section       14  handlers.o(i.__scatterload_zeroinit)
    .data                                    0x10000000   Section        4  system_lpc177x_8x.o(.data)
    .data                                    0x10000004   Section       40  debug_frmwrk.o(.data)
    .data                                    0x1000002c   Section      460  adc_polling.o(.data)
    STACK                                    0x100001f8   Section     8192  startup_lpc178x.o(STACK)

    Global Symbols

    Symbol Name                              Value     Ov Type        Size  Object(Section)

    BuildAttributes$$THM_ISAv4$P$D$K$B$S$PE$A:L22UL41UL21$X:L11$S22US41US21$IEEE1$IW$USESV6$~STKCKD$USESV7$~SHL$OSPACE$EBA8$MICROLIB$REQ8$PRES8$EABIv2 0x00000000   Number         0  anon$$obj.o ABSOLUTE
    __ARM_use_no_argv                        0x00000000   Number         0  adc_polling.o ABSOLUTE
    __Vectors                                0x00000000   Data           4  startup_lpc178x.o(RESET)
    __main                                   0x000000e5   Thumb Code     0  entry.o(.ARM.Collect$$$$00000000)
    _main_stk                                0x000000e5   Thumb Code     0  entry2.o(.ARM.Collect$$$$00000001)
    _main_scatterload                        0x000000e9   Thumb Code     0  entry5.o(.ARM.Collect$$$$00000004)
    __main_after_scatterload                 0x000000ed   Thumb Code     0  entry5.o(.ARM.Collect$$$$00000004)
    _main_init                               0x000000ed   Thumb Code     0  entry7.o(.ARM.Collect$$$$00000007)
    Reset_Handler                            0x000000f9   Thumb Code     8  startup_lpc178x.o(.text)
    NMI_Handler                              0x00000101   Thumb Code     2  startup_lpc178x.o(.text)
    HardFault_Handler                        0x00000103   Thumb Code     2  startup_lpc178x.o(.text)
    MemManage_Handler                        0x00000105   Thumb Code     2  startup_lpc178x.o(.text)
    BusFault_Handler                         0x00000107   Thumb Code     2  startup_lpc178x.o(.text)
    UsageFault_Handler                       0x00000109   Thumb Code     2  startup_lpc178x.o(.text)
    SVC_Handler                              0x0000010b   Thumb Code     2  startup_lpc178x.o(.text)
    DebugMon_Handler                         0x0000010d   Thumb Code     2  startup_lpc178x.o(.text)
    PendSV_Handler                           0x0000010f   Thumb Code     2  startup_lpc178x.o(.text)
    SysTick_Handler                          0x00000111   Thumb Code     2  startup_lpc178x.o(.text)
    ADC_IRQHandler                           0x00000113   Thumb Code     0  startup_lpc178x.o(.text)
    BOD_IRQHandler                           0x00000113   Thumb Code     0  startup_lpc178x.o(.text)
    CANActivity_IRQHandler                   0x00000113   Thumb Code     0  startup_lpc178x.o(.text)
    CAN_IRQHandler                           0x00000113   Thumb Code     0  startup_lpc178x.o(.text)
    DMA_IRQHandler                           0x00000113   Thumb Code     0  startup_lpc178x.o(.text)
    EEPROM_IRQHandler                        0x00000113   Thumb Code     0  startup_lpc178x.o(.text)
    EINT0_IRQHandler                         0x00000113   Thumb Code     0  startup_lpc178x.o(.text)
    EINT1_IRQHandler                         0x00000113   Thumb Code     0  startup_lpc178x.o(.text)
    EINT2_IRQHandler                         0x00000113   Thumb Code     0  startup_lpc178x.o(.text)
    EINT3_IRQHandler                         0x00000113   Thumb Code     0  startup_lpc178x.o(.text)
    ENET_IRQHandler                          0x00000113   Thumb Code     0  startup_lpc178x.o(.text)
    GPIO_IRQHandler                          0x00000113   Thumb Code     0  startup_lpc178x.o(.text)
    I2C0_IRQHandler                          0x00000113   Thumb Code     0  startup_lpc178x.o(.text)
    I2C1_IRQHandler                          0x00000113   Thumb Code     0  startup_lpc178x.o(.text)
    I2C2_IRQHandler                          0x00000113   Thumb Code     0  startup_lpc178x.o(.text)
    I2S_IRQHandler                           0x00000113   Thumb Code     0  startup_lpc178x.o(.text)
    LCD_IRQHandler                           0x00000113   Thumb Code     0  startup_lpc178x.o(.text)
    MCPWM_IRQHandler                         0x00000113   Thumb Code     0  startup_lpc178x.o(.text)
    PLL0_IRQHandler                          0x00000113   Thumb Code     0  startup_lpc178x.o(.text)
    PLL1_IRQHandler                          0x00000113   Thumb Code     0  startup_lpc178x.o(.text)
    PWM0_IRQHandler                          0x00000113   Thumb Code     0  startup_lpc178x.o(.text)
    PWM1_IRQHandler                          0x00000113   Thumb Code     0  startup_lpc178x.o(.text)
    QEI_IRQHandler                           0x00000113   Thumb Code     0  startup_lpc178x.o(.text)
    RTC_IRQHandler                           0x00000113   Thumb Code     0  startup_lpc178x.o(.text)
    SD_IRQHandler                            0x00000113   Thumb Code     0  startup_lpc178x.o(.text)
    SSP0_IRQHandler                          0x00000113   Thumb Code     0  startup_lpc178x.o(.text)
    SSP1_IRQHandler                          0x00000113   Thumb Code     0  startup_lpc178x.o(.text)
    SSP2_IRQHandler                          0x00000113   Thumb Code     0  startup_lpc178x.o(.text)
    TIMER0_IRQHandler                        0x00000113   Thumb Code     0  startup_lpc178x.o(.text)
    TIMER1_IRQHandler                        0x00000113   Thumb Code     0  startup_lpc178x.o(.text)
    TIMER2_IRQHandler                        0x00000113   Thumb Code     0  startup_lpc178x.o(.text)
    TIMER3_IRQHandler                        0x00000113   Thumb Code     0  startup_lpc178x.o(.text)
    UART0_IRQHandler                         0x00000113   Thumb Code     0  startup_lpc178x.o(.text)
    UART1_IRQHandler                         0x00000113   Thumb Code     0  startup_lpc178x.o(.text)
    UART2_IRQHandler                         0x00000113   Thumb Code     0  startup_lpc178x.o(.text)
    UART3_IRQHandler                         0x00000113   Thumb Code     0  startup_lpc178x.o(.text)
    UART4_IRQHandler                         0x00000113   Thumb Code     0  startup_lpc178x.o(.text)
    USBActivity_IRQHandler                   0x00000113   Thumb Code     0  startup_lpc178x.o(.text)
    USB_IRQHandler                           0x00000113   Thumb Code     0  startup_lpc178x.o(.text)
    WDT_IRQHandler                           0x00000113   Thumb Code     0  startup_lpc178x.o(.text)
    SystemCoreClockUpdate                    0x0000011d   Thumb Code   200  system_lpc177x_8x.o(.text)
    SystemInit                               0x000001e5   Thumb Code   162  system_lpc177x_8x.o(.text)
    __scatterload                            0x000002cd   Thumb Code    28  init.o(.text)
    __scatterload_rt2                        0x000002cd   Thumb Code     0  init.o(.text)
    __scatterload_null                       0x000002f1   Thumb Code     2  handlers.o(i.__scatterload_null)
    UARTPutChar                              0x00000301   Thumb Code    18  debug_frmwrk.o(.text)
    UARTGetChar                              0x00000313   Thumb Code    26  debug_frmwrk.o(.text)
    UARTPuts                                 0x0000032d   Thumb Code    28  debug_frmwrk.o(.text)
    UARTPuts_                                0x00000349   Thumb Code    24  debug_frmwrk.o(.text)
    UARTPutDec                               0x00000361   Thumb Code    96  debug_frmwrk.o(.text)
    UARTPutDec16                             0x000003c1   Thumb Code   160  debug_frmwrk.o(.text)
    UARTPutDec32                             0x00000461   Thumb Code   310  debug_frmwrk.o(.text)
    UARTPutHex                               0x00000597   Thumb Code    66  debug_frmwrk.o(.text)
    UARTPutHex16                             0x000005d9   Thumb Code    66  debug_frmwrk.o(.text)
    UARTPutHex32                             0x0000061b   Thumb Code    66  debug_frmwrk.o(.text)
    debug_frmwrk_init                        0x0000065d   Thumb Code   132  debug_frmwrk.o(.text)
    ADC_Init                                 0x00000725   Thumb Code    52  lpc178x_adc.o(.text)
    ADC_DeInit                               0x00000759   Thumb Code    24  lpc178x_adc.o(.text)
    ADC_GetData                              0x00000771   Thumb Code    14  lpc178x_adc.o(.text)
    ADC_StartCmd                             0x0000077f   Thumb Code    18  lpc178x_adc.o(.text)
    ADC_BurstCmd                             0x00000791   Thumb Code    20  lpc178x_adc.o(.text)
    ADC_PowerdownCmd                         0x000007a5   Thumb Code    20  lpc178x_adc.o(.text)
    ADC_EdgeStartConfig                      0x000007b9   Thumb Code    20  lpc178x_adc.o(.text)
    ADC_IntConfig                            0x000007cd   Thumb Code    26  lpc178x_adc.o(.text)
    ADC_ChannelCmd                           0x000007e7   Thumb Code    30  lpc178x_adc.o(.text)
    ADC_ChannelGetData                       0x00000805   Thumb Code    16  lpc178x_adc.o(.text)
    ADC_ChannelGetStatus                     0x00000815   Thumb Code    36  lpc178x_adc.o(.text)
    ADC_GlobalGetData                        0x00000839   Thumb Code     6  lpc178x_adc.o(.text)
    ADC_GlobalGetStatus                      0x0000083f   Thumb Code    28  lpc178x_adc.o(.text)
    CLKPWR_SetCLKDiv                         0x00000861   Thumb Code    72  lpc178x_clkpwr.o(.text)
    CLKPWR_GetCLKSEL                         0x000008a9   Thumb Code    66  lpc178x_clkpwr.o(.text)
    CLKPWR_GetCLK                            0x000008eb   Thumb Code   248  lpc178x_clkpwr.o(.text)
    CLKPWR_ConfigPPWR                        0x000009e3   Thumb Code    38  lpc178x_clkpwr.o(.text)
    CLKPWR_Sleep                             0x00000a09   Thumb Code    10  lpc178x_clkpwr.o(.text)
    CLKPWR_DeepSleep                         0x00000a13   Thumb Code    20  lpc178x_clkpwr.o(.text)
    CLKPWR_PowerDown                         0x00000a27   Thumb Code    20  lpc178x_clkpwr.o(.text)
    CLKPWR_DeepPowerDown                     0x00000a3b   Thumb Code    20  lpc178x_clkpwr.o(.text)
    PINSEL_ConfigPin                         0x00000a8f   Thumb Code    40  lpc178x_pinsel.o(.text)
    PINSEL_SetPinMode                        0x00000ab7   Thumb Code    40  lpc178x_pinsel.o(.text)
    PINSEL_SetHysMode                        0x00000adf   Thumb Code    46  lpc178x_pinsel.o(.text)
    PINSEL_SetSlewMode                       0x00000b0d   Thumb Code    46  lpc178x_pinsel.o(.text)
    PINSEL_SetInBufMode                      0x00000b3b   Thumb Code    46  lpc178x_pinsel.o(.text)
    PINSEL_SetI2CMode                        0x00000b69   Thumb Code    40  lpc178x_pinsel.o(.text)
    PINSEL_SetOpenDrainMode                  0x00000b91   Thumb Code    46  lpc178x_pinsel.o(.text)
    UART_Init                                0x00000cf9   Thumb Code   358  lpc178x_uart.o(.text)
    UART_TxCmd                               0x00000e5f   Thumb Code    68  lpc178x_uart.o(.text)
    UART_DeInit                              0x00000ea3   Thumb Code    74  lpc178x_uart.o(.text)
    UART_ConfigStructInit                    0x00000eed   Thumb Code    18  lpc178x_uart.o(.text)
    UART_SendByte                            0x00000eff   Thumb Code    14  lpc178x_uart.o(.text)
    UART_ReceiveByte                         0x00000f0d   Thumb Code    16  lpc178x_uart.o(.text)
    UART_Send                                0x00000f1d   Thumb Code   146  lpc178x_uart.o(.text)
    UART_Receive                             0x00000faf   Thumb Code   132  lpc178x_uart.o(.text)
    UART_ForceBreak                          0x00001033   Thumb Code    26  lpc178x_uart.o(.text)
    UART_IntConfig                           0x0000104d   Thumb Code   114  lpc178x_uart.o(.text)
    UART_GetLineStatus                       0x000010bf   Thumb Code    16  lpc178x_uart.o(.text)
    UART_GetIntId                            0x000010cf   Thumb Code    12  lpc178x_uart.o(.text)
    UART_CheckBusy                           0x000010db   Thumb Code    18  lpc178x_uart.o(.text)
    UART_FIFOConfig                          0x000010ed   Thumb Code   104  lpc178x_uart.o(.text)
    UART_FIFOConfigStructInit                0x00001155   Thumb Code    14  lpc178x_uart.o(.text)
    UART_ABCmd                               0x00001163   Thumb Code   126  lpc178x_uart.o(.text)
    UART_ABClearIntPending                   0x000011e1   Thumb Code    22  lpc178x_uart.o(.text)
    UART_IrDAInvtInputCmd                    0x000011f7   Thumb Code    34  lpc178x_uart.o(.text)
    UART_IrDACmd                             0x00001219   Thumb Code    32  lpc178x_uart.o(.text)
    UART_IrDAPulseDivConfig                  0x00001239   Thumb Code    30  lpc178x_uart.o(.text)
    UART_FullModemForcePinState              0x00001257   Thumb Code    48  lpc178x_uart.o(.text)
    UART_FullModemConfigMode                 0x00001287   Thumb Code    56  lpc178x_uart.o(.text)
    UART_FullModemGetStatus                  0x000012bf   Thumb Code     6  lpc178x_uart.o(.text)
    UART_RS485Config                         0x000012c5   Thumb Code    92  lpc178x_uart.o(.text)
    UART_RS485ReceiverCmd                    0x00001321   Thumb Code    32  lpc178x_uart.o(.text)
    UART_RS485Send                           0x00001341   Thumb Code    84  lpc178x_uart.o(.text)
    UART_RS485SendSlvAddr                    0x00001395   Thumb Code    18  lpc178x_uart.o(.text)
    UART_RS485SendData                       0x000013a7   Thumb Code    22  lpc178x_uart.o(.text)
    print_menu                               0x000013c1   Thumb Code    14  adc_polling.o(.text)
    c_entry                                  0x000013cf   Thumb Code   126  adc_polling.o(.text)
    main                                     0x0000144d   Thumb Code     4  adc_polling.o(.text)
    __decompress                             0x0000148d   Thumb Code     0  __dclz77c.o(.text)
    __decompress2                            0x0000148d   Thumb Code    96  __dclz77c.o(.text)
    __scatterload_copy                       0x000014ed   Thumb Code    14  handlers.o(i.__scatterload_copy)
    __scatterload_zeroinit                   0x000014fb   Thumb Code    14  handlers.o(i.__scatterload_zeroinit)
    Region$$Table$$Base                      0x00001508   Number         0  anon$$obj.o(Region$$Table)
    Region$$Table$$Limit                     0x00001528   Number         0  anon$$obj.o(Region$$Table)
    SystemCoreClock                          0x10000000   Data           4  system_lpc177x_8x.o(.data)
    _db_msg                                  0x10000004   Data           4  debug_frmwrk.o(.data)
    _db_msg_                                 0x10000008   Data           4  debug_frmwrk.o(.data)
    _db_char                                 0x1000000c   Data           4  debug_frmwrk.o(.data)
    _db_dec                                  0x10000010   Data           4  debug_frmwrk.o(.data)
    _db_dec_16                               0x10000014   Data           4  debug_frmwrk.o(.data)
    _db_dec_32                               0x10000018   Data           4  debug_frmwrk.o(.data)
    _db_hex                                  0x1000001c   Data           4  debug_frmwrk.o(.data)
    _db_hex_16                               0x10000020   Data           4  debug_frmwrk.o(.data)
    _db_hex_32                               0x10000024   Data           4  debug_frmwrk.o(.data)
    _db_get_char                             0x10000028   Data           4  debug_frmwrk.o(.data)
    menu1                                    0x1000002c   Data         460  adc_polling.o(.data)
    __initial_sp                             0x100021f8   Data           0  startup_lpc178x.o(STACK)



==============================================================================

Memory Map of the image

  Image Entry point : 0x000000e5

  Load Region LR_IROM1 (Base: 0x00000000, Size: 0x00001720, Max: 0x00080000, ABSOLUTE, COMPRESSED[0x00001644])

    Execution Region ER_IROM1 (Base: 0x00000000, Size: 0x00001528, Max: 0x00080000, ABSOLUTE)

    Base Addr    Size         Type   Attr      Idx    E Section Name        Object

    0x00000000   0x000000e4   Data   RO            3    RESET               startup_lpc178x.o
    0x000000e4   0x00000000   Code   RO          175  * .ARM.Collect$$$$00000000  mc_w.l(entry.o)(mc_w.l)
    0x000000e4   0x00000004   Code   RO          178    .ARM.Collect$$$$00000001  mc_w.l(entry2.o)(mc_w.l)
    0x000000e8   0x00000004   Code   RO          181    .ARM.Collect$$$$00000004  mc_w.l(entry5.o)(mc_w.l)
    0x000000ec   0x00000008   Code   RO          182    .ARM.Collect$$$$00000007  mc_w.l(entry7.o)(mc_w.l)
    0x000000f4   0x00000004   Code   RO          179    .ARM.Collect$$$$00002712  mc_w.l(entry2.o)(mc_w.l)
    0x000000f8   0x00000024   Code   RO            5    .text               startup_lpc178x.o
    0x0000011c   0x000001b0   Code   RO           27    .text               system_lpc177x_8x.o
    0x000002cc   0x00000024   Code   RO          183    .text               mc_w.l(init.o)(mc_w.l)
    0x000002f0   0x00000002   Code   RO          188    i.__scatterload_null  mc_w.l(handlers.o)(mc_w.l)
    0x000002f2   0x0000000a   PAD
    0x000002fc   0x00000004   Code   RO            4    .ARM.__at_0x02FC    startup_lpc178x.o
    0x00000300   0x00000424   Code   RO           52    .text               debug_frmwrk.o
    0x00000724   0x0000013c   Code   RO           83    .text               lpc178x_adc.o
    0x00000860   0x0000021c   Code   RO          101    .text               lpc178x_clkpwr.o
    0x00000a7c   0x00000148   Code   RO          132    .text               lpc178x_pinsel.o
    0x00000bc4   0x000007fc   Code   RO          144    .text               lpc178x_uart.o
    0x000013c0   0x000000cc   Code   RO          156    .text               adc_polling.o
    0x0000148c   0x00000060   Code   RO          193    .text               mc_w.l(__dclz77c.o)(mc_w.l)
    0x000014ec   0x0000000e   Code   RO          187    i.__scatterload_copy  mc_w.l(handlers.o)(mc_w.l)
    0x000014fa   0x0000000e   Code   RO          189    i.__scatterload_zeroinit  mc_w.l(handlers.o)(mc_w.l)
    0x00001508   0x00000020   Data   RO          185    Region$$Table       anon$$obj.o


    Execution Region RW_IRAM1 (Base: 0x10000000, Size: 0x000021f8, Max: 0x00010000, ABSOLUTE, COMPRESSED[0x0000011c])

    Base Addr    Size         Type   Attr      Idx    E Section Name        Object

    0x10000000   0x00000004   Data   RW           28    .data               system_lpc177x_8x.o
    0x10000004   0x00000028   Data   RW           53    .data               debug_frmwrk.o
    0x1000002c   0x000001cc   Data   RW          157    .data               adc_polling.o
    0x100001f8   0x00002000   Zero   RW            1    STACK               startup_lpc178x.o


    Execution Region RW_IRAM2 (Base: 0x20000000, Size: 0x00000000, Max: 0x00008000, ABSOLUTE)

    **** No section assigned to this execution region ****


==============================================================================

Image component sizes


      Code (inc. data)   RO Data    RW Data    ZI Data      Debug   Object Name

       204         60          0        460          0          0   adc_polling.o
         0          0          0          0          0          0   core_cm3.o
      1060         68          0         40          0          0   debug_frmwrk.o
       316          6          0          0          0          0   lpc178x_adc.o
       540         46          0          0          0          0   lpc178x_clkpwr.o
       328          6          0          0          0          0   lpc178x_pinsel.o
      2044         32          0          0          0          0   lpc178x_uart.o
        40         12        228          0       8192          0   startup_lpc178x.o
       432         70          0          4          0          0   system_lpc177x_8x.o

    ----------------------------------------------------------------------
      4964        300        260        504       8192          0   Object Totals
         0          0         32          0          0          0   (incl. Generated)
         0          0          0          0          0          2   (incl. Padding)

    ----------------------------------------------------------------------

      Code (inc. data)   RO Data    RW Data    ZI Data      Debug   Library Member Name

        96          0          0          0          0          0   __dclz77c.o
         0          0          0          0          0          0   entry.o
         8          4          0          0          0          0   entry2.o
         4          0          0          0          0          0   entry5.o
         8          4          0          0          0          0   entry7.o
        30          0          0          0          0          0   handlers.o
        36          8          0          0          0          0   init.o

    ----------------------------------------------------------------------
       192         16          0          0          0          0   Library Totals
        10          0          0          0          0          0   (incl. Padding)

    ----------------------------------------------------------------------

      Code (inc. data)   RO Data    RW Data    ZI Data      Debug   Library Name

       182         16          0          0          0         68   mc_w.l

    ----------------------------------------------------------------------
       192         16          0          0          0          0   Library Totals

    ----------------------------------------------------------------------

==============================================================================


      Code (inc. data)   RO Data    RW Data    ZI Data      Debug   

      5156        316        260        504       8192      61644   Grand Totals
      5156        316        260        284       8192      61644   ELF Image Totals (compressed)
      5156        316        260        284          0          0   ROM Totals

==============================================================================

    Total RO  Size (Code + RO Data)                 5416 (   5.29kB)
    Total RW  Size (RW Data + ZI Data)              8696 (   8.49kB)
    Total ROM Size (Code + RO Data + RW Data)       5700 (   5.57kB)

==============================================================================

