<html>
<body>
<pre>
<h1>µVision Build Log</h1>
<h2>Project:</h2>
D:\projects\neo\samples\drvlib\Examples\ADC\ADC_Polling\Keil\Adc_Polling.uvproj
Project File Date:  10/22/2010

<h2>Output:</h2>
Build target 'FLASH'
assembling startup_LPC178x.s...
compiling core_cm3.c...
compiling system_LPC177x_8x.c...
compiling debug_frmwrk.c...
compiling lpc178x_adc.c...
compiling lpc178x_clkpwr.c...
compiling lpc178x_gpdma.c...
compiling lpc178x_pinsel.c...
compiling lpc178x_uart.c...
compiling Adc_Polling.c...
linking...
Program Size: Code=5156 RO-data=260 RW-data=504 ZI-data=8192  
FromELF: creating hex file...
".\Flash\Adc_Polling.axf" - 0 Error(s), 0 Warning(s).
Load "D:\\projects\\neo\\samples\\drvlib\\Examples\\ADC\\ADC_Polling\\Keil\\Flash\\Adc_Polling.AXF" 
USB Communication Failure
Load "D:\\projects\\neo\\samples\\drvlib\\Examples\\ADC\\ADC_Polling\\Keil\\Flash\\Adc_Polling.AXF" 
USB Communication Failure
Load "D:\\projects\\neo\\samples\\drvlib\\Examples\\ADC\\ADC_Polling\\Keil\\Flash\\Adc_Polling.AXF" 
USB Communication Failure
Load "D:\\projects\\neo\\samples\\drvlib\\Examples\\ADC\\ADC_Polling\\Keil\\Flash\\Adc_Polling.AXF" 
Erase Done.
Programming Done.
Verify OK.
