<html>
<body>
<pre>
<h1>µVision Build Log</h1>
<h2>Project:</h2>
D:\projects\neo\samples\drvlib\Examples\ADC\ADC_Interrupt\Keil\Adc_Interrupt.uvproj
Project File Date:  10/22/2010

<h2>Output:</h2>
Build target 'FLASH'
assembling startup_LPC178x.s...
compiling core_cm3.c...
compiling system_LPC178x.c...
compiling debug_frmwrk.c...
compiling lpc178x_adc.c...
compiling lpc178x_clkpwr.c...
compiling lpc178x_gpdma.c...
compiling lpc178x_pinsel.c...
compiling lpc178x_uart.c...
compiling Adc_Interrupt.c...
linking...
Program Size: Code=7592 RO-data=592 RW-data=524 ZI-data=8196  
FromELF: creating hex file...
".\Flash\Adc_Interrupt.axf" - 0 Error(s), 0 Warning(s).
Build target 'FLASH'
assembling startup_LPC178x.s...
compiling core_cm3.c...
compiling system_LPC178x.c...
compiling debug_frmwrk.c...
compiling lpc178x_adc.c...
compiling lpc178x_clkpwr.c...
compiling lpc178x_gpdma.c...
compiling lpc178x_pinsel.c...
compiling lpc178x_uart.c...
compiling Adc_Interrupt.c...
linking...
Program Size: Code=5384 RO-data=260 RW-data=524 ZI-data=8196  
FromELF: creating hex file...
".\Flash\Adc_Interrupt.axf" - 0 Error(s), 0 Warning(s).
Load "D:\\projects\\neo\\samples\\drvlib\\Examples\\ADC\\ADC_Interrupt\\Keil\\Flash\\Adc_Interrupt.AXF" 
Load "D:\\projects\\neo\\samples\\drvlib\\Examples\\ADC\\ADC_Interrupt\\Keil\\Flash\\Adc_Interrupt.AXF" 
Set JLink Project File to "D:\projects\neo\samples\drvlib\Examples\ADC\ADC_Interrupt\Keil\JLinkSettings.ini"
 
JLink info:
------------
DLL: V4.15n, compiled Jun 18 2010 19:55:09
Firmware: J-Link ARM V8 compiled Sep 24 2010 15:58:02
Hardware: V8.00
S/N : 58002405 
 
* JLink Info: TotalIRLen = 4, IRPrint = 0x01
* JLink Info: Found Cortex-M3 r2p0, Little endian.
* JLink Info: TPIU fitted.
* JLink Info: ETM fitted.
* JLink Info:   FPUnit: 6 code (BP) slots and 2 literal slots
**JLink Warning: CPU did not halt after bootloader.
ROMTableAddr = 0xE00FF003
 
Target info:
------------
Device: LPC1768
VTarget = 3.267V
State of Pins: 
TCK: 1, TDI: 0, TDO: 1, TMS: 0, TRES: 1, TRST: 1
* JLink Info: TotalIRLen = 4, IRPrint = 0x01
* JLink Info: Found Cortex-M3 r2p0, Little endian.
* JLink Info: TPIU fitted.
* JLink Info: ETM fitted.
* JLink Info:   FPUnit: 6 code (BP) slots and 2 literal slots
Hardware-Breakpoints: 6
Software-Breakpoints: 2048
Watchpoints:          4
JTAG speed: 500 kHz
 
Erase Done.
Programming Done.
Verify OK.
