<!doctype html public "-//w3c//dtd html 4.0 transitional//en">
<html><head>
<title>Static Call Graph - [.\Flash\Adc_Interrupt.axf]</title></head>
<body><HR>
<H1>Static Call Graph for image .\Flash\Adc_Interrupt.axf</H1><HR>
<BR><P>#&#060CALLGRAPH&#062# ARM Linker, 4.1 [Build 481]: Last Updated: Fri Oct 22 16:18:23 2010
<BR><P>
<H3>Maximum Stack Usage =        120 bytes + Unknown(Cycles, Untraceable Function Pointers)</H3><H3>
Call chain for Maximum Stack Depth:</H3>
main &rArr; c_entry &rArr; debug_frmwrk_init &rArr; UART_Init &rArr; uart_set_divisors &rArr; CLKPWR_GetCLK
<P>
<H3>
Mutually Recursive functions
</H3> <LI><a href="#[1]">NMI_Handler</a>&nbsp;&nbsp;&nbsp;&rArr;&nbsp;&nbsp;&nbsp;<a href="#[1]">NMI_Handler</a><BR>
 <LI><a href="#[2]">HardFault_Handler</a>&nbsp;&nbsp;&nbsp;&rArr;&nbsp;&nbsp;&nbsp;<a href="#[2]">HardFault_Handler</a><BR>
 <LI><a href="#[3]">MemManage_Handler</a>&nbsp;&nbsp;&nbsp;&rArr;&nbsp;&nbsp;&nbsp;<a href="#[3]">MemManage_Handler</a><BR>
 <LI><a href="#[4]">BusFault_Handler</a>&nbsp;&nbsp;&nbsp;&rArr;&nbsp;&nbsp;&nbsp;<a href="#[4]">BusFault_Handler</a><BR>
 <LI><a href="#[5]">UsageFault_Handler</a>&nbsp;&nbsp;&nbsp;&rArr;&nbsp;&nbsp;&nbsp;<a href="#[5]">UsageFault_Handler</a><BR>
 <LI><a href="#[6]">SVC_Handler</a>&nbsp;&nbsp;&nbsp;&rArr;&nbsp;&nbsp;&nbsp;<a href="#[6]">SVC_Handler</a><BR>
 <LI><a href="#[7]">DebugMon_Handler</a>&nbsp;&nbsp;&nbsp;&rArr;&nbsp;&nbsp;&nbsp;<a href="#[7]">DebugMon_Handler</a><BR>
 <LI><a href="#[8]">PendSV_Handler</a>&nbsp;&nbsp;&nbsp;&rArr;&nbsp;&nbsp;&nbsp;<a href="#[8]">PendSV_Handler</a><BR>
 <LI><a href="#[9]">SysTick_Handler</a>&nbsp;&nbsp;&nbsp;&rArr;&nbsp;&nbsp;&nbsp;<a href="#[9]">SysTick_Handler</a><BR>
 <LI><a href="#[20]">BOD_IRQHandler</a>&nbsp;&nbsp;&nbsp;&rArr;&nbsp;&nbsp;&nbsp;<a href="#[20]">BOD_IRQHandler</a><BR>
</UL>
<P>
<H3>
Function Pointers
</H3><UL>
 <LI><a href="#[0]">Reset_Handler</a> from startup_lpc178x.o(.text) referenced from startup_lpc178x.o(RESET)
 <LI><a href="#[1]">NMI_Handler</a> from startup_lpc178x.o(.text) referenced from startup_lpc178x.o(RESET)
 <LI><a href="#[2]">HardFault_Handler</a> from startup_lpc178x.o(.text) referenced from startup_lpc178x.o(RESET)
 <LI><a href="#[3]">MemManage_Handler</a> from startup_lpc178x.o(.text) referenced from startup_lpc178x.o(RESET)
 <LI><a href="#[4]">BusFault_Handler</a> from startup_lpc178x.o(.text) referenced from startup_lpc178x.o(RESET)
 <LI><a href="#[5]">UsageFault_Handler</a> from startup_lpc178x.o(.text) referenced from startup_lpc178x.o(RESET)
 <LI><a href="#[6]">SVC_Handler</a> from startup_lpc178x.o(.text) referenced from startup_lpc178x.o(RESET)
 <LI><a href="#[7]">DebugMon_Handler</a> from startup_lpc178x.o(.text) referenced from startup_lpc178x.o(RESET)
 <LI><a href="#[8]">PendSV_Handler</a> from startup_lpc178x.o(.text) referenced from startup_lpc178x.o(RESET)
 <LI><a href="#[9]">SysTick_Handler</a> from startup_lpc178x.o(.text) referenced from startup_lpc178x.o(RESET)
 <LI><a href="#[a]">WDT_IRQHandler</a> from startup_lpc178x.o(.text) referenced from startup_lpc178x.o(RESET)
 <LI><a href="#[b]">TIMER0_IRQHandler</a> from startup_lpc178x.o(.text) referenced from startup_lpc178x.o(RESET)
 <LI><a href="#[c]">TIMER1_IRQHandler</a> from startup_lpc178x.o(.text) referenced from startup_lpc178x.o(RESET)
 <LI><a href="#[d]">TIMER2_IRQHandler</a> from startup_lpc178x.o(.text) referenced from startup_lpc178x.o(RESET)
 <LI><a href="#[e]">TIMER3_IRQHandler</a> from startup_lpc178x.o(.text) referenced from startup_lpc178x.o(RESET)
 <LI><a href="#[f]">UART0_IRQHandler</a> from startup_lpc178x.o(.text) referenced from startup_lpc178x.o(RESET)
 <LI><a href="#[10]">UART1_IRQHandler</a> from startup_lpc178x.o(.text) referenced from startup_lpc178x.o(RESET)
 <LI><a href="#[11]">UART2_IRQHandler</a> from startup_lpc178x.o(.text) referenced from startup_lpc178x.o(RESET)
 <LI><a href="#[12]">UART3_IRQHandler</a> from startup_lpc178x.o(.text) referenced from startup_lpc178x.o(RESET)
 <LI><a href="#[13]">PWM1_IRQHandler</a> from startup_lpc178x.o(.text) referenced from startup_lpc178x.o(RESET)
 <LI><a href="#[14]">I2C0_IRQHandler</a> from startup_lpc178x.o(.text) referenced from startup_lpc178x.o(RESET)
 <LI><a href="#[15]">I2C1_IRQHandler</a> from startup_lpc178x.o(.text) referenced from startup_lpc178x.o(RESET)
 <LI><a href="#[16]">I2C2_IRQHandler</a> from startup_lpc178x.o(.text) referenced from startup_lpc178x.o(RESET)
 <LI><a href="#[17]">SSP0_IRQHandler</a> from startup_lpc178x.o(.text) referenced from startup_lpc178x.o(RESET)
 <LI><a href="#[18]">SSP1_IRQHandler</a> from startup_lpc178x.o(.text) referenced from startup_lpc178x.o(RESET)
 <LI><a href="#[19]">PLL0_IRQHandler</a> from startup_lpc178x.o(.text) referenced from startup_lpc178x.o(RESET)
 <LI><a href="#[1a]">RTC_IRQHandler</a> from startup_lpc178x.o(.text) referenced from startup_lpc178x.o(RESET)
 <LI><a href="#[1b]">EINT0_IRQHandler</a> from startup_lpc178x.o(.text) referenced from startup_lpc178x.o(RESET)
 <LI><a href="#[1c]">EINT1_IRQHandler</a> from startup_lpc178x.o(.text) referenced from startup_lpc178x.o(RESET)
 <LI><a href="#[1d]">EINT2_IRQHandler</a> from startup_lpc178x.o(.text) referenced from startup_lpc178x.o(RESET)
 <LI><a href="#[1e]">EINT3_IRQHandler</a> from startup_lpc178x.o(.text) referenced from startup_lpc178x.o(RESET)
 <LI><a href="#[1f]">ADC_IRQHandler</a> from adc_interrupt.o(.text) referenced from startup_lpc178x.o(RESET)
 <LI><a href="#[20]">BOD_IRQHandler</a> from startup_lpc178x.o(.text) referenced from startup_lpc178x.o(RESET)
 <LI><a href="#[21]">USB_IRQHandler</a> from startup_lpc178x.o(.text) referenced from startup_lpc178x.o(RESET)
 <LI><a href="#[22]">CAN_IRQHandler</a> from startup_lpc178x.o(.text) referenced from startup_lpc178x.o(RESET)
 <LI><a href="#[23]">DMA_IRQHandler</a> from startup_lpc178x.o(.text) referenced from startup_lpc178x.o(RESET)
 <LI><a href="#[24]">I2S_IRQHandler</a> from startup_lpc178x.o(.text) referenced from startup_lpc178x.o(RESET)
 <LI><a href="#[25]">ENET_IRQHandler</a> from startup_lpc178x.o(.text) referenced from startup_lpc178x.o(RESET)
 <LI><a href="#[26]">SD_IRQHandler</a> from startup_lpc178x.o(.text) referenced from startup_lpc178x.o(RESET)
 <LI><a href="#[27]">MCPWM_IRQHandler</a> from startup_lpc178x.o(.text) referenced from startup_lpc178x.o(RESET)
 <LI><a href="#[28]">QEI_IRQHandler</a> from startup_lpc178x.o(.text) referenced from startup_lpc178x.o(RESET)
 <LI><a href="#[29]">PLL1_IRQHandler</a> from startup_lpc178x.o(.text) referenced from startup_lpc178x.o(RESET)
 <LI><a href="#[2a]">USBActivity_IRQHandler</a> from startup_lpc178x.o(.text) referenced from startup_lpc178x.o(RESET)
 <LI><a href="#[2b]">CANActivity_IRQHandler</a> from startup_lpc178x.o(.text) referenced from startup_lpc178x.o(RESET)
 <LI><a href="#[2c]">UART4_IRQHandler</a> from startup_lpc178x.o(.text) referenced from startup_lpc178x.o(RESET)
 <LI><a href="#[2d]">SSP2_IRQHandler</a> from startup_lpc178x.o(.text) referenced from startup_lpc178x.o(RESET)
 <LI><a href="#[2e]">LCD_IRQHandler</a> from startup_lpc178x.o(.text) referenced from startup_lpc178x.o(RESET)
 <LI><a href="#[2f]">GPIO_IRQHandler</a> from startup_lpc178x.o(.text) referenced from startup_lpc178x.o(RESET)
 <LI><a href="#[30]">PWM0_IRQHandler</a> from startup_lpc178x.o(.text) referenced from startup_lpc178x.o(RESET)
 <LI><a href="#[31]">EEPROM_IRQHandler</a> from startup_lpc178x.o(.text) referenced from startup_lpc178x.o(RESET)
 <LI><a href="#[32]">main</a> from adc_interrupt.o(.text) referenced from entry7.o(.ARM.Collect$$$$00000007)
 <LI><a href="#[33]">SystemInit</a> from system_lpc178x.o(.text) referenced from startup_lpc178x.o(.text)
 <LI><a href="#[34]">__main</a> from entry.o(.ARM.Collect$$$$00000000) referenced from startup_lpc178x.o(.text)
 <LI><a href="#[40]">UARTPuts</a> from debug_frmwrk.o(.text) referenced from debug_frmwrk.o(.text)
 <LI><a href="#[41]">UARTPuts_</a> from debug_frmwrk.o(.text) referenced from debug_frmwrk.o(.text)
 <LI><a href="#[3c]">UARTPutChar</a> from debug_frmwrk.o(.text) referenced from debug_frmwrk.o(.text)
 <LI><a href="#[45]">UARTPutHex</a> from debug_frmwrk.o(.text) referenced from debug_frmwrk.o(.text)
 <LI><a href="#[46]">UARTPutHex16</a> from debug_frmwrk.o(.text) referenced from debug_frmwrk.o(.text)
 <LI><a href="#[47]">UARTPutHex32</a> from debug_frmwrk.o(.text) referenced from debug_frmwrk.o(.text)
 <LI><a href="#[42]">UARTPutDec</a> from debug_frmwrk.o(.text) referenced from debug_frmwrk.o(.text)
 <LI><a href="#[43]">UARTPutDec16</a> from debug_frmwrk.o(.text) referenced from debug_frmwrk.o(.text)
 <LI><a href="#[44]">UARTPutDec32</a> from debug_frmwrk.o(.text) referenced from debug_frmwrk.o(.text)
 <LI><a href="#[3e]">UARTGetChar</a> from debug_frmwrk.o(.text) referenced from debug_frmwrk.o(.text)
</UL>
<P>
<H3>
Global Symbols
</H3>
<P><STRONG><a name="[34]"></a>__main</STRONG> (Thumb, 0 bytes, Stack size unknown bytes, entry.o(.ARM.Collect$$$$00000000))
<BR>[Address Reference Count : 1]<UL><LI> startup_lpc178x.o(.text)
</UL>
<P><STRONG><a name="[63]"></a>_main_stk</STRONG> (Thumb, 0 bytes, Stack size unknown bytes, entry2.o(.ARM.Collect$$$$00000001))

<P><STRONG><a name="[35]"></a>_main_scatterload</STRONG> (Thumb, 0 bytes, Stack size unknown bytes, entry5.o(.ARM.Collect$$$$00000004))
<BR><BR>[Calls]<UL><LI><a href="#[36]">&gt;&gt;</a>&nbsp;&nbsp;&nbsp;__scatterload
</UL>

<P><STRONG><a name="[3b]"></a>__main_after_scatterload</STRONG> (Thumb, 0 bytes, Stack size unknown bytes, entry5.o(.ARM.Collect$$$$00000004))
<BR><BR>[Called By]<UL><LI><a href="#[36]">&gt;&gt;</a>&nbsp;&nbsp;&nbsp;__scatterload
</UL>

<P><STRONG><a name="[64]"></a>_main_init</STRONG> (Thumb, 0 bytes, Stack size unknown bytes, entry7.o(.ARM.Collect$$$$00000007))

<P><STRONG><a name="[0]"></a>Reset_Handler</STRONG> (Thumb, 8 bytes, Stack size 0 bytes, startup_lpc178x.o(.text))
<BR>[Address Reference Count : 1]<UL><LI> startup_lpc178x.o(RESET)
</UL>
<P><STRONG><a name="[1]"></a>NMI_Handler</STRONG> (Thumb, 2 bytes, Stack size 0 bytes, startup_lpc178x.o(.text))
<BR><BR>[Calls]<UL><LI><a href="#[1]">&gt;&gt;</a>&nbsp;&nbsp;&nbsp;NMI_Handler
</UL>
<BR>[Called By]<UL><LI><a href="#[1]">&gt;&gt;</a>&nbsp;&nbsp;&nbsp;NMI_Handler
</UL>
<BR>[Address Reference Count : 1]<UL><LI> startup_lpc178x.o(RESET)
</UL>
<P><STRONG><a name="[2]"></a>HardFault_Handler</STRONG> (Thumb, 2 bytes, Stack size 0 bytes, startup_lpc178x.o(.text))
<BR><BR>[Calls]<UL><LI><a href="#[2]">&gt;&gt;</a>&nbsp;&nbsp;&nbsp;HardFault_Handler
</UL>
<BR>[Called By]<UL><LI><a href="#[2]">&gt;&gt;</a>&nbsp;&nbsp;&nbsp;HardFault_Handler
</UL>
<BR>[Address Reference Count : 1]<UL><LI> startup_lpc178x.o(RESET)
</UL>
<P><STRONG><a name="[3]"></a>MemManage_Handler</STRONG> (Thumb, 2 bytes, Stack size 0 bytes, startup_lpc178x.o(.text))
<BR><BR>[Calls]<UL><LI><a href="#[3]">&gt;&gt;</a>&nbsp;&nbsp;&nbsp;MemManage_Handler
</UL>
<BR>[Called By]<UL><LI><a href="#[3]">&gt;&gt;</a>&nbsp;&nbsp;&nbsp;MemManage_Handler
</UL>
<BR>[Address Reference Count : 1]<UL><LI> startup_lpc178x.o(RESET)
</UL>
<P><STRONG><a name="[4]"></a>BusFault_Handler</STRONG> (Thumb, 2 bytes, Stack size 0 bytes, startup_lpc178x.o(.text))
<BR><BR>[Calls]<UL><LI><a href="#[4]">&gt;&gt;</a>&nbsp;&nbsp;&nbsp;BusFault_Handler
</UL>
<BR>[Called By]<UL><LI><a href="#[4]">&gt;&gt;</a>&nbsp;&nbsp;&nbsp;BusFault_Handler
</UL>
<BR>[Address Reference Count : 1]<UL><LI> startup_lpc178x.o(RESET)
</UL>
<P><STRONG><a name="[5]"></a>UsageFault_Handler</STRONG> (Thumb, 2 bytes, Stack size 0 bytes, startup_lpc178x.o(.text))
<BR><BR>[Calls]<UL><LI><a href="#[5]">&gt;&gt;</a>&nbsp;&nbsp;&nbsp;UsageFault_Handler
</UL>
<BR>[Called By]<UL><LI><a href="#[5]">&gt;&gt;</a>&nbsp;&nbsp;&nbsp;UsageFault_Handler
</UL>
<BR>[Address Reference Count : 1]<UL><LI> startup_lpc178x.o(RESET)
</UL>
<P><STRONG><a name="[6]"></a>SVC_Handler</STRONG> (Thumb, 2 bytes, Stack size 0 bytes, startup_lpc178x.o(.text))
<BR><BR>[Calls]<UL><LI><a href="#[6]">&gt;&gt;</a>&nbsp;&nbsp;&nbsp;SVC_Handler
</UL>
<BR>[Called By]<UL><LI><a href="#[6]">&gt;&gt;</a>&nbsp;&nbsp;&nbsp;SVC_Handler
</UL>
<BR>[Address Reference Count : 1]<UL><LI> startup_lpc178x.o(RESET)
</UL>
<P><STRONG><a name="[7]"></a>DebugMon_Handler</STRONG> (Thumb, 2 bytes, Stack size 0 bytes, startup_lpc178x.o(.text))
<BR><BR>[Calls]<UL><LI><a href="#[7]">&gt;&gt;</a>&nbsp;&nbsp;&nbsp;DebugMon_Handler
</UL>
<BR>[Called By]<UL><LI><a href="#[7]">&gt;&gt;</a>&nbsp;&nbsp;&nbsp;DebugMon_Handler
</UL>
<BR>[Address Reference Count : 1]<UL><LI> startup_lpc178x.o(RESET)
</UL>
<P><STRONG><a name="[8]"></a>PendSV_Handler</STRONG> (Thumb, 2 bytes, Stack size 0 bytes, startup_lpc178x.o(.text))
<BR><BR>[Calls]<UL><LI><a href="#[8]">&gt;&gt;</a>&nbsp;&nbsp;&nbsp;PendSV_Handler
</UL>
<BR>[Called By]<UL><LI><a href="#[8]">&gt;&gt;</a>&nbsp;&nbsp;&nbsp;PendSV_Handler
</UL>
<BR>[Address Reference Count : 1]<UL><LI> startup_lpc178x.o(RESET)
</UL>
<P><STRONG><a name="[9]"></a>SysTick_Handler</STRONG> (Thumb, 2 bytes, Stack size 0 bytes, startup_lpc178x.o(.text))
<BR><BR>[Calls]<UL><LI><a href="#[9]">&gt;&gt;</a>&nbsp;&nbsp;&nbsp;SysTick_Handler
</UL>
<BR>[Called By]<UL><LI><a href="#[9]">&gt;&gt;</a>&nbsp;&nbsp;&nbsp;SysTick_Handler
</UL>
<BR>[Address Reference Count : 1]<UL><LI> startup_lpc178x.o(RESET)
</UL>
<P><STRONG><a name="[20]"></a>BOD_IRQHandler</STRONG> (Thumb, 0 bytes, Stack size 0 bytes, startup_lpc178x.o(.text))
<BR><BR>[Calls]<UL><LI><a href="#[20]">&gt;&gt;</a>&nbsp;&nbsp;&nbsp;BOD_IRQHandler
</UL>
<BR>[Called By]<UL><LI><a href="#[20]">&gt;&gt;</a>&nbsp;&nbsp;&nbsp;BOD_IRQHandler
</UL>
<BR>[Address Reference Count : 1]<UL><LI> startup_lpc178x.o(RESET)
</UL>
<P><STRONG><a name="[2b]"></a>CANActivity_IRQHandler</STRONG> (Thumb, 0 bytes, Stack size 0 bytes, startup_lpc178x.o(.text))
<BR>[Address Reference Count : 1]<UL><LI> startup_lpc178x.o(RESET)
</UL>
<P><STRONG><a name="[22]"></a>CAN_IRQHandler</STRONG> (Thumb, 0 bytes, Stack size 0 bytes, startup_lpc178x.o(.text))
<BR>[Address Reference Count : 1]<UL><LI> startup_lpc178x.o(RESET)
</UL>
<P><STRONG><a name="[23]"></a>DMA_IRQHandler</STRONG> (Thumb, 0 bytes, Stack size 0 bytes, startup_lpc178x.o(.text))
<BR>[Address Reference Count : 1]<UL><LI> startup_lpc178x.o(RESET)
</UL>
<P><STRONG><a name="[31]"></a>EEPROM_IRQHandler</STRONG> (Thumb, 0 bytes, Stack size 0 bytes, startup_lpc178x.o(.text))
<BR>[Address Reference Count : 1]<UL><LI> startup_lpc178x.o(RESET)
</UL>
<P><STRONG><a name="[1b]"></a>EINT0_IRQHandler</STRONG> (Thumb, 0 bytes, Stack size 0 bytes, startup_lpc178x.o(.text))
<BR>[Address Reference Count : 1]<UL><LI> startup_lpc178x.o(RESET)
</UL>
<P><STRONG><a name="[1c]"></a>EINT1_IRQHandler</STRONG> (Thumb, 0 bytes, Stack size 0 bytes, startup_lpc178x.o(.text))
<BR>[Address Reference Count : 1]<UL><LI> startup_lpc178x.o(RESET)
</UL>
<P><STRONG><a name="[1d]"></a>EINT2_IRQHandler</STRONG> (Thumb, 0 bytes, Stack size 0 bytes, startup_lpc178x.o(.text))
<BR>[Address Reference Count : 1]<UL><LI> startup_lpc178x.o(RESET)
</UL>
<P><STRONG><a name="[1e]"></a>EINT3_IRQHandler</STRONG> (Thumb, 0 bytes, Stack size 0 bytes, startup_lpc178x.o(.text))
<BR>[Address Reference Count : 1]<UL><LI> startup_lpc178x.o(RESET)
</UL>
<P><STRONG><a name="[25]"></a>ENET_IRQHandler</STRONG> (Thumb, 0 bytes, Stack size 0 bytes, startup_lpc178x.o(.text))
<BR>[Address Reference Count : 1]<UL><LI> startup_lpc178x.o(RESET)
</UL>
<P><STRONG><a name="[2f]"></a>GPIO_IRQHandler</STRONG> (Thumb, 0 bytes, Stack size 0 bytes, startup_lpc178x.o(.text))
<BR>[Address Reference Count : 1]<UL><LI> startup_lpc178x.o(RESET)
</UL>
<P><STRONG><a name="[14]"></a>I2C0_IRQHandler</STRONG> (Thumb, 0 bytes, Stack size 0 bytes, startup_lpc178x.o(.text))
<BR>[Address Reference Count : 1]<UL><LI> startup_lpc178x.o(RESET)
</UL>
<P><STRONG><a name="[15]"></a>I2C1_IRQHandler</STRONG> (Thumb, 0 bytes, Stack size 0 bytes, startup_lpc178x.o(.text))
<BR>[Address Reference Count : 1]<UL><LI> startup_lpc178x.o(RESET)
</UL>
<P><STRONG><a name="[16]"></a>I2C2_IRQHandler</STRONG> (Thumb, 0 bytes, Stack size 0 bytes, startup_lpc178x.o(.text))
<BR>[Address Reference Count : 1]<UL><LI> startup_lpc178x.o(RESET)
</UL>
<P><STRONG><a name="[24]"></a>I2S_IRQHandler</STRONG> (Thumb, 0 bytes, Stack size 0 bytes, startup_lpc178x.o(.text))
<BR>[Address Reference Count : 1]<UL><LI> startup_lpc178x.o(RESET)
</UL>
<P><STRONG><a name="[2e]"></a>LCD_IRQHandler</STRONG> (Thumb, 0 bytes, Stack size 0 bytes, startup_lpc178x.o(.text))
<BR>[Address Reference Count : 1]<UL><LI> startup_lpc178x.o(RESET)
</UL>
<P><STRONG><a name="[27]"></a>MCPWM_IRQHandler</STRONG> (Thumb, 0 bytes, Stack size 0 bytes, startup_lpc178x.o(.text))
<BR>[Address Reference Count : 1]<UL><LI> startup_lpc178x.o(RESET)
</UL>
<P><STRONG><a name="[19]"></a>PLL0_IRQHandler</STRONG> (Thumb, 0 bytes, Stack size 0 bytes, startup_lpc178x.o(.text))
<BR>[Address Reference Count : 1]<UL><LI> startup_lpc178x.o(RESET)
</UL>
<P><STRONG><a name="[29]"></a>PLL1_IRQHandler</STRONG> (Thumb, 0 bytes, Stack size 0 bytes, startup_lpc178x.o(.text))
<BR>[Address Reference Count : 1]<UL><LI> startup_lpc178x.o(RESET)
</UL>
<P><STRONG><a name="[30]"></a>PWM0_IRQHandler</STRONG> (Thumb, 0 bytes, Stack size 0 bytes, startup_lpc178x.o(.text))
<BR>[Address Reference Count : 1]<UL><LI> startup_lpc178x.o(RESET)
</UL>
<P><STRONG><a name="[13]"></a>PWM1_IRQHandler</STRONG> (Thumb, 0 bytes, Stack size 0 bytes, startup_lpc178x.o(.text))
<BR>[Address Reference Count : 1]<UL><LI> startup_lpc178x.o(RESET)
</UL>
<P><STRONG><a name="[28]"></a>QEI_IRQHandler</STRONG> (Thumb, 0 bytes, Stack size 0 bytes, startup_lpc178x.o(.text))
<BR>[Address Reference Count : 1]<UL><LI> startup_lpc178x.o(RESET)
</UL>
<P><STRONG><a name="[1a]"></a>RTC_IRQHandler</STRONG> (Thumb, 0 bytes, Stack size 0 bytes, startup_lpc178x.o(.text))
<BR>[Address Reference Count : 1]<UL><LI> startup_lpc178x.o(RESET)
</UL>
<P><STRONG><a name="[26]"></a>SD_IRQHandler</STRONG> (Thumb, 0 bytes, Stack size 0 bytes, startup_lpc178x.o(.text))
<BR>[Address Reference Count : 1]<UL><LI> startup_lpc178x.o(RESET)
</UL>
<P><STRONG><a name="[17]"></a>SSP0_IRQHandler</STRONG> (Thumb, 0 bytes, Stack size 0 bytes, startup_lpc178x.o(.text))
<BR>[Address Reference Count : 1]<UL><LI> startup_lpc178x.o(RESET)
</UL>
<P><STRONG><a name="[18]"></a>SSP1_IRQHandler</STRONG> (Thumb, 0 bytes, Stack size 0 bytes, startup_lpc178x.o(.text))
<BR>[Address Reference Count : 1]<UL><LI> startup_lpc178x.o(RESET)
</UL>
<P><STRONG><a name="[2d]"></a>SSP2_IRQHandler</STRONG> (Thumb, 0 bytes, Stack size 0 bytes, startup_lpc178x.o(.text))
<BR>[Address Reference Count : 1]<UL><LI> startup_lpc178x.o(RESET)
</UL>
<P><STRONG><a name="[b]"></a>TIMER0_IRQHandler</STRONG> (Thumb, 0 bytes, Stack size 0 bytes, startup_lpc178x.o(.text))
<BR>[Address Reference Count : 1]<UL><LI> startup_lpc178x.o(RESET)
</UL>
<P><STRONG><a name="[c]"></a>TIMER1_IRQHandler</STRONG> (Thumb, 0 bytes, Stack size 0 bytes, startup_lpc178x.o(.text))
<BR>[Address Reference Count : 1]<UL><LI> startup_lpc178x.o(RESET)
</UL>
<P><STRONG><a name="[d]"></a>TIMER2_IRQHandler</STRONG> (Thumb, 0 bytes, Stack size 0 bytes, startup_lpc178x.o(.text))
<BR>[Address Reference Count : 1]<UL><LI> startup_lpc178x.o(RESET)
</UL>
<P><STRONG><a name="[e]"></a>TIMER3_IRQHandler</STRONG> (Thumb, 0 bytes, Stack size 0 bytes, startup_lpc178x.o(.text))
<BR>[Address Reference Count : 1]<UL><LI> startup_lpc178x.o(RESET)
</UL>
<P><STRONG><a name="[f]"></a>UART0_IRQHandler</STRONG> (Thumb, 0 bytes, Stack size 0 bytes, startup_lpc178x.o(.text))
<BR>[Address Reference Count : 1]<UL><LI> startup_lpc178x.o(RESET)
</UL>
<P><STRONG><a name="[10]"></a>UART1_IRQHandler</STRONG> (Thumb, 0 bytes, Stack size 0 bytes, startup_lpc178x.o(.text))
<BR>[Address Reference Count : 1]<UL><LI> startup_lpc178x.o(RESET)
</UL>
<P><STRONG><a name="[11]"></a>UART2_IRQHandler</STRONG> (Thumb, 0 bytes, Stack size 0 bytes, startup_lpc178x.o(.text))
<BR>[Address Reference Count : 1]<UL><LI> startup_lpc178x.o(RESET)
</UL>
<P><STRONG><a name="[12]"></a>UART3_IRQHandler</STRONG> (Thumb, 0 bytes, Stack size 0 bytes, startup_lpc178x.o(.text))
<BR>[Address Reference Count : 1]<UL><LI> startup_lpc178x.o(RESET)
</UL>
<P><STRONG><a name="[2c]"></a>UART4_IRQHandler</STRONG> (Thumb, 0 bytes, Stack size 0 bytes, startup_lpc178x.o(.text))
<BR>[Address Reference Count : 1]<UL><LI> startup_lpc178x.o(RESET)
</UL>
<P><STRONG><a name="[2a]"></a>USBActivity_IRQHandler</STRONG> (Thumb, 0 bytes, Stack size 0 bytes, startup_lpc178x.o(.text))
<BR>[Address Reference Count : 1]<UL><LI> startup_lpc178x.o(RESET)
</UL>
<P><STRONG><a name="[21]"></a>USB_IRQHandler</STRONG> (Thumb, 0 bytes, Stack size 0 bytes, startup_lpc178x.o(.text))
<BR>[Address Reference Count : 1]<UL><LI> startup_lpc178x.o(RESET)
</UL>
<P><STRONG><a name="[a]"></a>WDT_IRQHandler</STRONG> (Thumb, 0 bytes, Stack size 0 bytes, startup_lpc178x.o(.text))
<BR>[Address Reference Count : 1]<UL><LI> startup_lpc178x.o(RESET)
</UL>
<P><STRONG><a name="[37]"></a>ADC_Init</STRONG> (Thumb, 52 bytes, Stack size 24 bytes, lpc178x_adc.o(.text))
<BR><BR>[Stack]<UL><LI>Max Depth = 48<LI>Call Chain = ADC_Init &rArr; CLKPWR_GetCLK
</UL>
<BR>[Calls]<UL><LI><a href="#[39]">&gt;&gt;</a>&nbsp;&nbsp;&nbsp;CLKPWR_GetCLK
<LI><a href="#[38]">&gt;&gt;</a>&nbsp;&nbsp;&nbsp;CLKPWR_ConfigPPWR
</UL>
<BR>[Called By]<UL><LI><a href="#[5e]">&gt;&gt;</a>&nbsp;&nbsp;&nbsp;c_entry
</UL>

<P><STRONG><a name="[3a]"></a>ADC_DeInit</STRONG> (Thumb, 24 bytes, Stack size 8 bytes, lpc178x_adc.o(.text), UNUSED)
<BR><BR>[Calls]<UL><LI><a href="#[38]">&gt;&gt;</a>&nbsp;&nbsp;&nbsp;CLKPWR_ConfigPPWR
</UL>

<P><STRONG><a name="[65]"></a>ADC_GetData</STRONG> (Thumb, 14 bytes, Stack size 0 bytes, lpc178x_adc.o(.text), UNUSED)

<P><STRONG><a name="[62]"></a>ADC_StartCmd</STRONG> (Thumb, 18 bytes, Stack size 0 bytes, lpc178x_adc.o(.text))
<BR><BR>[Called By]<UL><LI><a href="#[5e]">&gt;&gt;</a>&nbsp;&nbsp;&nbsp;c_entry
</UL>

<P><STRONG><a name="[66]"></a>ADC_BurstCmd</STRONG> (Thumb, 20 bytes, Stack size 0 bytes, lpc178x_adc.o(.text), UNUSED)

<P><STRONG><a name="[67]"></a>ADC_PowerdownCmd</STRONG> (Thumb, 20 bytes, Stack size 0 bytes, lpc178x_adc.o(.text), UNUSED)

<P><STRONG><a name="[68]"></a>ADC_EdgeStartConfig</STRONG> (Thumb, 20 bytes, Stack size 0 bytes, lpc178x_adc.o(.text), UNUSED)

<P><STRONG><a name="[60]"></a>ADC_IntConfig</STRONG> (Thumb, 26 bytes, Stack size 8 bytes, lpc178x_adc.o(.text))
<BR><BR>[Stack]<UL><LI>Max Depth = 8<LI>Call Chain = ADC_IntConfig
</UL>
<BR>[Called By]<UL><LI><a href="#[5e]">&gt;&gt;</a>&nbsp;&nbsp;&nbsp;c_entry
</UL>

<P><STRONG><a name="[61]"></a>ADC_ChannelCmd</STRONG> (Thumb, 30 bytes, Stack size 8 bytes, lpc178x_adc.o(.text))
<BR><BR>[Stack]<UL><LI>Max Depth = 8<LI>Call Chain = ADC_ChannelCmd
</UL>
<BR>[Called By]<UL><LI><a href="#[5e]">&gt;&gt;</a>&nbsp;&nbsp;&nbsp;c_entry
</UL>

<P><STRONG><a name="[5d]"></a>ADC_ChannelGetData</STRONG> (Thumb, 16 bytes, Stack size 0 bytes, lpc178x_adc.o(.text))
<BR><BR>[Called By]<UL><LI><a href="#[1f]">&gt;&gt;</a>&nbsp;&nbsp;&nbsp;ADC_IRQHandler
</UL>

<P><STRONG><a name="[5c]"></a>ADC_ChannelGetStatus</STRONG> (Thumb, 36 bytes, Stack size 8 bytes, lpc178x_adc.o(.text))
<BR><BR>[Stack]<UL><LI>Max Depth = 8<LI>Call Chain = ADC_ChannelGetStatus
</UL>
<BR>[Called By]<UL><LI><a href="#[1f]">&gt;&gt;</a>&nbsp;&nbsp;&nbsp;ADC_IRQHandler
</UL>

<P><STRONG><a name="[69]"></a>ADC_GlobalGetData</STRONG> (Thumb, 6 bytes, Stack size 0 bytes, lpc178x_adc.o(.text), UNUSED)

<P><STRONG><a name="[6a]"></a>ADC_GlobalGetStatus</STRONG> (Thumb, 28 bytes, Stack size 0 bytes, lpc178x_adc.o(.text), UNUSED)

<P><STRONG><a name="[36]"></a>__scatterload</STRONG> (Thumb, 28 bytes, Stack size 0 bytes, init.o(.text))
<BR><BR>[Calls]<UL><LI><a href="#[3b]">&gt;&gt;</a>&nbsp;&nbsp;&nbsp;__main_after_scatterload
</UL>
<BR>[Called By]<UL><LI><a href="#[35]">&gt;&gt;</a>&nbsp;&nbsp;&nbsp;_main_scatterload
</UL>

<P><STRONG><a name="[6b]"></a>__scatterload_rt2</STRONG> (Thumb, 0 bytes, Stack size 0 bytes, init.o(.text), UNUSED)

<P><STRONG><a name="[6c]"></a>__decompress</STRONG> (Thumb, 0 bytes, Stack size unknown bytes, __dclz77c.o(.text), UNUSED)

<P><STRONG><a name="[6d]"></a>__decompress2</STRONG> (Thumb, 96 bytes, Stack size unknown bytes, __dclz77c.o(.text), UNUSED)

<P><STRONG><a name="[6e]"></a>__scatterload_copy</STRONG> (Thumb, 14 bytes, Stack size unknown bytes, handlers.o(i.__scatterload_copy), UNUSED)

<P><STRONG><a name="[6f]"></a>__scatterload_null</STRONG> (Thumb, 2 bytes, Stack size unknown bytes, handlers.o(i.__scatterload_null), UNUSED)

<P><STRONG><a name="[70]"></a>__scatterload_zeroinit</STRONG> (Thumb, 14 bytes, Stack size unknown bytes, handlers.o(i.__scatterload_zeroinit), UNUSED)

<P><STRONG><a name="[33]"></a>SystemInit</STRONG> (Thumb, 484 bytes, Stack size 0 bytes, system_lpc178x.o(.text))
<BR>[Address Reference Count : 1]<UL><LI> startup_lpc178x.o(.text)
</UL>
<P><STRONG><a name="[3c]"></a>UARTPutChar</STRONG> (Thumb, 18 bytes, Stack size 16 bytes, debug_frmwrk.o(.text))
<BR><BR>[Stack]<UL><LI>Max Depth = 52<LI>Call Chain = UARTPutChar &rArr; UART_Send
</UL>
<BR>[Calls]<UL><LI><a href="#[3d]">&gt;&gt;</a>&nbsp;&nbsp;&nbsp;UART_Send
</UL>
<BR>[Called By]<UL><LI><a href="#[47]">&gt;&gt;</a>&nbsp;&nbsp;&nbsp;UARTPutHex32
<LI><a href="#[46]">&gt;&gt;</a>&nbsp;&nbsp;&nbsp;UARTPutHex16
<LI><a href="#[45]">&gt;&gt;</a>&nbsp;&nbsp;&nbsp;UARTPutHex
<LI><a href="#[44]">&gt;&gt;</a>&nbsp;&nbsp;&nbsp;UARTPutDec32
<LI><a href="#[43]">&gt;&gt;</a>&nbsp;&nbsp;&nbsp;UARTPutDec16
<LI><a href="#[42]">&gt;&gt;</a>&nbsp;&nbsp;&nbsp;UARTPutDec
<LI><a href="#[40]">&gt;&gt;</a>&nbsp;&nbsp;&nbsp;UARTPuts
</UL>
<BR>[Address Reference Count : 1]<UL><LI> debug_frmwrk.o(.text)
</UL>
<P><STRONG><a name="[3e]"></a>UARTGetChar</STRONG> (Thumb, 26 bytes, Stack size 16 bytes, debug_frmwrk.o(.text))
<BR><BR>[Stack]<UL><LI>Max Depth = 44<LI>Call Chain = UARTGetChar &rArr; UART_Receive
</UL>
<BR>[Calls]<UL><LI><a href="#[3f]">&gt;&gt;</a>&nbsp;&nbsp;&nbsp;UART_Receive
</UL>
<BR>[Address Reference Count : 1]<UL><LI> debug_frmwrk.o(.text)
</UL>
<P><STRONG><a name="[40]"></a>UARTPuts</STRONG> (Thumb, 28 bytes, Stack size 16 bytes, debug_frmwrk.o(.text))
<BR><BR>[Stack]<UL><LI>Max Depth = 68<LI>Call Chain = UARTPuts &rArr; UARTPutChar &rArr; UART_Send
</UL>
<BR>[Calls]<UL><LI><a href="#[3c]">&gt;&gt;</a>&nbsp;&nbsp;&nbsp;UARTPutChar
</UL>
<BR>[Called By]<UL><LI><a href="#[47]">&gt;&gt;</a>&nbsp;&nbsp;&nbsp;UARTPutHex32
<LI><a href="#[46]">&gt;&gt;</a>&nbsp;&nbsp;&nbsp;UARTPutHex16
<LI><a href="#[45]">&gt;&gt;</a>&nbsp;&nbsp;&nbsp;UARTPutHex
<LI><a href="#[41]">&gt;&gt;</a>&nbsp;&nbsp;&nbsp;UARTPuts_
</UL>
<BR>[Address Reference Count : 1]<UL><LI> debug_frmwrk.o(.text)
</UL>
<P><STRONG><a name="[41]"></a>UARTPuts_</STRONG> (Thumb, 24 bytes, Stack size 16 bytes, debug_frmwrk.o(.text))
<BR><BR>[Stack]<UL><LI>Max Depth = 84<LI>Call Chain = UARTPuts_ &rArr; UARTPuts &rArr; UARTPutChar &rArr; UART_Send
</UL>
<BR>[Calls]<UL><LI><a href="#[40]">&gt;&gt;</a>&nbsp;&nbsp;&nbsp;UARTPuts
</UL>
<BR>[Address Reference Count : 1]<UL><LI> debug_frmwrk.o(.text)
</UL>
<P><STRONG><a name="[42]"></a>UARTPutDec</STRONG> (Thumb, 96 bytes, Stack size 24 bytes, debug_frmwrk.o(.text))
<BR><BR>[Stack]<UL><LI>Max Depth = 76<LI>Call Chain = UARTPutDec &rArr; UARTPutChar &rArr; UART_Send
</UL>
<BR>[Calls]<UL><LI><a href="#[3c]">&gt;&gt;</a>&nbsp;&nbsp;&nbsp;UARTPutChar
</UL>
<BR>[Address Reference Count : 1]<UL><LI> debug_frmwrk.o(.text)
</UL>
<P><STRONG><a name="[43]"></a>UARTPutDec16</STRONG> (Thumb, 160 bytes, Stack size 32 bytes, debug_frmwrk.o(.text))
<BR><BR>[Stack]<UL><LI>Max Depth = 84<LI>Call Chain = UARTPutDec16 &rArr; UARTPutChar &rArr; UART_Send
</UL>
<BR>[Calls]<UL><LI><a href="#[3c]">&gt;&gt;</a>&nbsp;&nbsp;&nbsp;UARTPutChar
</UL>
<BR>[Address Reference Count : 1]<UL><LI> debug_frmwrk.o(.text)
</UL>
<P><STRONG><a name="[44]"></a>UARTPutDec32</STRONG> (Thumb, 310 bytes, Stack size 56 bytes, debug_frmwrk.o(.text))
<BR><BR>[Stack]<UL><LI>Max Depth = 108<LI>Call Chain = UARTPutDec32 &rArr; UARTPutChar &rArr; UART_Send
</UL>
<BR>[Calls]<UL><LI><a href="#[3c]">&gt;&gt;</a>&nbsp;&nbsp;&nbsp;UARTPutChar
</UL>
<BR>[Address Reference Count : 1]<UL><LI> debug_frmwrk.o(.text)
</UL>
<P><STRONG><a name="[45]"></a>UARTPutHex</STRONG> (Thumb, 66 bytes, Stack size 24 bytes, debug_frmwrk.o(.text))
<BR><BR>[Stack]<UL><LI>Max Depth = 92<LI>Call Chain = UARTPutHex &rArr; UARTPuts &rArr; UARTPutChar &rArr; UART_Send
</UL>
<BR>[Calls]<UL><LI><a href="#[40]">&gt;&gt;</a>&nbsp;&nbsp;&nbsp;UARTPuts
<LI><a href="#[3c]">&gt;&gt;</a>&nbsp;&nbsp;&nbsp;UARTPutChar
</UL>
<BR>[Address Reference Count : 1]<UL><LI> debug_frmwrk.o(.text)
</UL>
<P><STRONG><a name="[46]"></a>UARTPutHex16</STRONG> (Thumb, 66 bytes, Stack size 24 bytes, debug_frmwrk.o(.text))
<BR><BR>[Stack]<UL><LI>Max Depth = 92<LI>Call Chain = UARTPutHex16 &rArr; UARTPuts &rArr; UARTPutChar &rArr; UART_Send
</UL>
<BR>[Calls]<UL><LI><a href="#[40]">&gt;&gt;</a>&nbsp;&nbsp;&nbsp;UARTPuts
<LI><a href="#[3c]">&gt;&gt;</a>&nbsp;&nbsp;&nbsp;UARTPutChar
</UL>
<BR>[Address Reference Count : 1]<UL><LI> debug_frmwrk.o(.text)
</UL>
<P><STRONG><a name="[47]"></a>UARTPutHex32</STRONG> (Thumb, 66 bytes, Stack size 24 bytes, debug_frmwrk.o(.text))
<BR><BR>[Stack]<UL><LI>Max Depth = 92<LI>Call Chain = UARTPutHex32 &rArr; UARTPuts &rArr; UARTPutChar &rArr; UART_Send
</UL>
<BR>[Calls]<UL><LI><a href="#[40]">&gt;&gt;</a>&nbsp;&nbsp;&nbsp;UARTPuts
<LI><a href="#[3c]">&gt;&gt;</a>&nbsp;&nbsp;&nbsp;UARTPutChar
</UL>
<BR>[Address Reference Count : 1]<UL><LI> debug_frmwrk.o(.text)
</UL>
<P><STRONG><a name="[48]"></a>debug_frmwrk_init</STRONG> (Thumb, 132 bytes, Stack size 16 bytes, debug_frmwrk.o(.text))
<BR><BR>[Stack]<UL><LI>Max Depth = 120<LI>Call Chain = debug_frmwrk_init &rArr; UART_Init &rArr; uart_set_divisors &rArr; CLKPWR_GetCLK
</UL>
<BR>[Calls]<UL><LI><a href="#[4c]">&gt;&gt;</a>&nbsp;&nbsp;&nbsp;UART_TxCmd
<LI><a href="#[4b]">&gt;&gt;</a>&nbsp;&nbsp;&nbsp;UART_Init
<LI><a href="#[4a]">&gt;&gt;</a>&nbsp;&nbsp;&nbsp;UART_ConfigStructInit
<LI><a href="#[49]">&gt;&gt;</a>&nbsp;&nbsp;&nbsp;PINSEL_ConfigPin
</UL>
<BR>[Called By]<UL><LI><a href="#[5e]">&gt;&gt;</a>&nbsp;&nbsp;&nbsp;c_entry
</UL>

<P><STRONG><a name="[71]"></a>CLKPWR_SetCLKDiv</STRONG> (Thumb, 72 bytes, Stack size 0 bytes, lpc178x_clkpwr.o(.text), UNUSED)

<P><STRONG><a name="[4d]"></a>CLKPWR_GetCLKSEL</STRONG> (Thumb, 66 bytes, Stack size 0 bytes, lpc178x_clkpwr.o(.text))
<BR><BR>[Called By]<UL><LI><a href="#[39]">&gt;&gt;</a>&nbsp;&nbsp;&nbsp;CLKPWR_GetCLK
</UL>

<P><STRONG><a name="[39]"></a>CLKPWR_GetCLK</STRONG> (Thumb, 248 bytes, Stack size 24 bytes, lpc178x_clkpwr.o(.text))
<BR><BR>[Stack]<UL><LI>Max Depth = 24<LI>Call Chain = CLKPWR_GetCLK
</UL>
<BR>[Calls]<UL><LI><a href="#[4d]">&gt;&gt;</a>&nbsp;&nbsp;&nbsp;CLKPWR_GetCLKSEL
</UL>
<BR>[Called By]<UL><LI><a href="#[55]">&gt;&gt;</a>&nbsp;&nbsp;&nbsp;uart_set_divisors
<LI><a href="#[37]">&gt;&gt;</a>&nbsp;&nbsp;&nbsp;ADC_Init
</UL>

<P><STRONG><a name="[38]"></a>CLKPWR_ConfigPPWR</STRONG> (Thumb, 38 bytes, Stack size 0 bytes, lpc178x_clkpwr.o(.text))
<BR><BR>[Called By]<UL><LI><a href="#[56]">&gt;&gt;</a>&nbsp;&nbsp;&nbsp;UART_DeInit
<LI><a href="#[3a]">&gt;&gt;</a>&nbsp;&nbsp;&nbsp;ADC_DeInit
<LI><a href="#[37]">&gt;&gt;</a>&nbsp;&nbsp;&nbsp;ADC_Init
<LI><a href="#[4b]">&gt;&gt;</a>&nbsp;&nbsp;&nbsp;UART_Init
</UL>

<P><STRONG><a name="[72]"></a>CLKPWR_Sleep</STRONG> (Thumb, 10 bytes, Stack size 0 bytes, lpc178x_clkpwr.o(.text), UNUSED)

<P><STRONG><a name="[73]"></a>CLKPWR_DeepSleep</STRONG> (Thumb, 20 bytes, Stack size 0 bytes, lpc178x_clkpwr.o(.text), UNUSED)

<P><STRONG><a name="[74]"></a>CLKPWR_PowerDown</STRONG> (Thumb, 20 bytes, Stack size 0 bytes, lpc178x_clkpwr.o(.text), UNUSED)

<P><STRONG><a name="[75]"></a>CLKPWR_DeepPowerDown</STRONG> (Thumb, 20 bytes, Stack size 0 bytes, lpc178x_clkpwr.o(.text), UNUSED)

<P><STRONG><a name="[49]"></a>PINSEL_ConfigPin</STRONG> (Thumb, 40 bytes, Stack size 24 bytes, lpc178x_pinsel.o(.text))
<BR><BR>[Stack]<UL><LI>Max Depth = 32<LI>Call Chain = PINSEL_ConfigPin &rArr; PIN_GetPointer
</UL>
<BR>[Calls]<UL><LI><a href="#[4e]">&gt;&gt;</a>&nbsp;&nbsp;&nbsp;PIN_GetPointer
</UL>
<BR>[Called By]<UL><LI><a href="#[5e]">&gt;&gt;</a>&nbsp;&nbsp;&nbsp;c_entry
<LI><a href="#[48]">&gt;&gt;</a>&nbsp;&nbsp;&nbsp;debug_frmwrk_init
</UL>

<P><STRONG><a name="[4f]"></a>PINSEL_SetPinMode</STRONG> (Thumb, 40 bytes, Stack size 24 bytes, lpc178x_pinsel.o(.text), UNUSED)
<BR><BR>[Calls]<UL><LI><a href="#[4e]">&gt;&gt;</a>&nbsp;&nbsp;&nbsp;PIN_GetPointer
</UL>

<P><STRONG><a name="[50]"></a>PINSEL_SetHysMode</STRONG> (Thumb, 46 bytes, Stack size 24 bytes, lpc178x_pinsel.o(.text), UNUSED)
<BR><BR>[Calls]<UL><LI><a href="#[4e]">&gt;&gt;</a>&nbsp;&nbsp;&nbsp;PIN_GetPointer
</UL>

<P><STRONG><a name="[51]"></a>PINSEL_SetSlewMode</STRONG> (Thumb, 46 bytes, Stack size 24 bytes, lpc178x_pinsel.o(.text), UNUSED)
<BR><BR>[Calls]<UL><LI><a href="#[4e]">&gt;&gt;</a>&nbsp;&nbsp;&nbsp;PIN_GetPointer
</UL>

<P><STRONG><a name="[52]"></a>PINSEL_SetInBufMode</STRONG> (Thumb, 46 bytes, Stack size 24 bytes, lpc178x_pinsel.o(.text), UNUSED)
<BR><BR>[Calls]<UL><LI><a href="#[4e]">&gt;&gt;</a>&nbsp;&nbsp;&nbsp;PIN_GetPointer
</UL>

<P><STRONG><a name="[53]"></a>PINSEL_SetI2CMode</STRONG> (Thumb, 40 bytes, Stack size 24 bytes, lpc178x_pinsel.o(.text), UNUSED)
<BR><BR>[Calls]<UL><LI><a href="#[4e]">&gt;&gt;</a>&nbsp;&nbsp;&nbsp;PIN_GetPointer
</UL>

<P><STRONG><a name="[54]"></a>PINSEL_SetOpenDrainMode</STRONG> (Thumb, 46 bytes, Stack size 24 bytes, lpc178x_pinsel.o(.text), UNUSED)
<BR><BR>[Calls]<UL><LI><a href="#[4e]">&gt;&gt;</a>&nbsp;&nbsp;&nbsp;PIN_GetPointer
</UL>

<P><STRONG><a name="[4b]"></a>UART_Init</STRONG> (Thumb, 358 bytes, Stack size 16 bytes, lpc178x_uart.o(.text))
<BR><BR>[Stack]<UL><LI>Max Depth = 104<LI>Call Chain = UART_Init &rArr; uart_set_divisors &rArr; CLKPWR_GetCLK
</UL>
<BR>[Calls]<UL><LI><a href="#[55]">&gt;&gt;</a>&nbsp;&nbsp;&nbsp;uart_set_divisors
<LI><a href="#[38]">&gt;&gt;</a>&nbsp;&nbsp;&nbsp;CLKPWR_ConfigPPWR
</UL>
<BR>[Called By]<UL><LI><a href="#[48]">&gt;&gt;</a>&nbsp;&nbsp;&nbsp;debug_frmwrk_init
</UL>

<P><STRONG><a name="[4c]"></a>UART_TxCmd</STRONG> (Thumb, 68 bytes, Stack size 0 bytes, lpc178x_uart.o(.text))
<BR><BR>[Called By]<UL><LI><a href="#[56]">&gt;&gt;</a>&nbsp;&nbsp;&nbsp;UART_DeInit
<LI><a href="#[48]">&gt;&gt;</a>&nbsp;&nbsp;&nbsp;debug_frmwrk_init
</UL>

<P><STRONG><a name="[56]"></a>UART_DeInit</STRONG> (Thumb, 74 bytes, Stack size 8 bytes, lpc178x_uart.o(.text), UNUSED)
<BR><BR>[Calls]<UL><LI><a href="#[38]">&gt;&gt;</a>&nbsp;&nbsp;&nbsp;CLKPWR_ConfigPPWR
<LI><a href="#[4c]">&gt;&gt;</a>&nbsp;&nbsp;&nbsp;UART_TxCmd
</UL>

<P><STRONG><a name="[4a]"></a>UART_ConfigStructInit</STRONG> (Thumb, 18 bytes, Stack size 0 bytes, lpc178x_uart.o(.text))
<BR><BR>[Called By]<UL><LI><a href="#[48]">&gt;&gt;</a>&nbsp;&nbsp;&nbsp;debug_frmwrk_init
</UL>

<P><STRONG><a name="[57]"></a>UART_SendByte</STRONG> (Thumb, 14 bytes, Stack size 0 bytes, lpc178x_uart.o(.text))
<BR><BR>[Called By]<UL><LI><a href="#[3d]">&gt;&gt;</a>&nbsp;&nbsp;&nbsp;UART_Send
</UL>

<P><STRONG><a name="[58]"></a>UART_ReceiveByte</STRONG> (Thumb, 16 bytes, Stack size 0 bytes, lpc178x_uart.o(.text))
<BR><BR>[Called By]<UL><LI><a href="#[3f]">&gt;&gt;</a>&nbsp;&nbsp;&nbsp;UART_Receive
</UL>

<P><STRONG><a name="[3d]"></a>UART_Send</STRONG> (Thumb, 146 bytes, Stack size 36 bytes, lpc178x_uart.o(.text))
<BR><BR>[Stack]<UL><LI>Max Depth = 36<LI>Call Chain = UART_Send
</UL>
<BR>[Calls]<UL><LI><a href="#[57]">&gt;&gt;</a>&nbsp;&nbsp;&nbsp;UART_SendByte
</UL>
<BR>[Called By]<UL><LI><a href="#[59]">&gt;&gt;</a>&nbsp;&nbsp;&nbsp;UART_RS485Send
<LI><a href="#[3c]">&gt;&gt;</a>&nbsp;&nbsp;&nbsp;UARTPutChar
</UL>

<P><STRONG><a name="[3f]"></a>UART_Receive</STRONG> (Thumb, 132 bytes, Stack size 28 bytes, lpc178x_uart.o(.text))
<BR><BR>[Stack]<UL><LI>Max Depth = 28<LI>Call Chain = UART_Receive
</UL>
<BR>[Calls]<UL><LI><a href="#[58]">&gt;&gt;</a>&nbsp;&nbsp;&nbsp;UART_ReceiveByte
</UL>
<BR>[Called By]<UL><LI><a href="#[3e]">&gt;&gt;</a>&nbsp;&nbsp;&nbsp;UARTGetChar
</UL>

<P><STRONG><a name="[76]"></a>UART_ForceBreak</STRONG> (Thumb, 26 bytes, Stack size 0 bytes, lpc178x_uart.o(.text), UNUSED)

<P><STRONG><a name="[77]"></a>UART_IntConfig</STRONG> (Thumb, 114 bytes, Stack size 12 bytes, lpc178x_uart.o(.text), UNUSED)

<P><STRONG><a name="[78]"></a>UART_GetLineStatus</STRONG> (Thumb, 16 bytes, Stack size 0 bytes, lpc178x_uart.o(.text), UNUSED)

<P><STRONG><a name="[79]"></a>UART_GetIntId</STRONG> (Thumb, 12 bytes, Stack size 0 bytes, lpc178x_uart.o(.text), UNUSED)

<P><STRONG><a name="[7a]"></a>UART_CheckBusy</STRONG> (Thumb, 18 bytes, Stack size 0 bytes, lpc178x_uart.o(.text), UNUSED)

<P><STRONG><a name="[7b]"></a>UART_FIFOConfig</STRONG> (Thumb, 104 bytes, Stack size 0 bytes, lpc178x_uart.o(.text), UNUSED)

<P><STRONG><a name="[7c]"></a>UART_FIFOConfigStructInit</STRONG> (Thumb, 14 bytes, Stack size 0 bytes, lpc178x_uart.o(.text), UNUSED)

<P><STRONG><a name="[7d]"></a>UART_ABCmd</STRONG> (Thumb, 126 bytes, Stack size 8 bytes, lpc178x_uart.o(.text), UNUSED)

<P><STRONG><a name="[7e]"></a>UART_ABClearIntPending</STRONG> (Thumb, 22 bytes, Stack size 0 bytes, lpc178x_uart.o(.text), UNUSED)

<P><STRONG><a name="[7f]"></a>UART_IrDAInvtInputCmd</STRONG> (Thumb, 34 bytes, Stack size 0 bytes, lpc178x_uart.o(.text), UNUSED)

<P><STRONG><a name="[80]"></a>UART_IrDACmd</STRONG> (Thumb, 32 bytes, Stack size 0 bytes, lpc178x_uart.o(.text), UNUSED)

<P><STRONG><a name="[81]"></a>UART_IrDAPulseDivConfig</STRONG> (Thumb, 30 bytes, Stack size 8 bytes, lpc178x_uart.o(.text), UNUSED)

<P><STRONG><a name="[82]"></a>UART_FullModemForcePinState</STRONG> (Thumb, 48 bytes, Stack size 12 bytes, lpc178x_uart.o(.text), UNUSED)

<P><STRONG><a name="[83]"></a>UART_FullModemConfigMode</STRONG> (Thumb, 56 bytes, Stack size 12 bytes, lpc178x_uart.o(.text), UNUSED)

<P><STRONG><a name="[84]"></a>UART_FullModemGetStatus</STRONG> (Thumb, 6 bytes, Stack size 0 bytes, lpc178x_uart.o(.text), UNUSED)

<P><STRONG><a name="[85]"></a>UART_RS485Config</STRONG> (Thumb, 92 bytes, Stack size 0 bytes, lpc178x_uart.o(.text), UNUSED)

<P><STRONG><a name="[86]"></a>UART_RS485ReceiverCmd</STRONG> (Thumb, 32 bytes, Stack size 0 bytes, lpc178x_uart.o(.text), UNUSED)

<P><STRONG><a name="[59]"></a>UART_RS485Send</STRONG> (Thumb, 84 bytes, Stack size 32 bytes, lpc178x_uart.o(.text), UNUSED)
<BR><BR>[Calls]<UL><LI><a href="#[3d]">&gt;&gt;</a>&nbsp;&nbsp;&nbsp;UART_Send
</UL>
<BR>[Called By]<UL><LI><a href="#[5b]">&gt;&gt;</a>&nbsp;&nbsp;&nbsp;UART_RS485SendData
<LI><a href="#[5a]">&gt;&gt;</a>&nbsp;&nbsp;&nbsp;UART_RS485SendSlvAddr
</UL>

<P><STRONG><a name="[5a]"></a>UART_RS485SendSlvAddr</STRONG> (Thumb, 18 bytes, Stack size 16 bytes, lpc178x_uart.o(.text), UNUSED)
<BR><BR>[Calls]<UL><LI><a href="#[59]">&gt;&gt;</a>&nbsp;&nbsp;&nbsp;UART_RS485Send
</UL>

<P><STRONG><a name="[5b]"></a>UART_RS485SendData</STRONG> (Thumb, 22 bytes, Stack size 16 bytes, lpc178x_uart.o(.text), UNUSED)
<BR><BR>[Calls]<UL><LI><a href="#[59]">&gt;&gt;</a>&nbsp;&nbsp;&nbsp;UART_RS485Send
</UL>

<P><STRONG><a name="[1f]"></a>ADC_IRQHandler</STRONG> (Thumb, 56 bytes, Stack size 8 bytes, adc_interrupt.o(.text))
<BR><BR>[Stack]<UL><LI>Max Depth = 16<LI>Call Chain = ADC_IRQHandler &rArr; ADC_ChannelGetStatus
</UL>
<BR>[Calls]<UL><LI><a href="#[5c]">&gt;&gt;</a>&nbsp;&nbsp;&nbsp;ADC_ChannelGetStatus
<LI><a href="#[5d]">&gt;&gt;</a>&nbsp;&nbsp;&nbsp;ADC_ChannelGetData
</UL>
<BR>[Address Reference Count : 1]<UL><LI> startup_lpc178x.o(RESET)
</UL>
<P><STRONG><a name="[5f]"></a>print_menu</STRONG> (Thumb, 14 bytes, Stack size 8 bytes, adc_interrupt.o(.text))
<BR><BR>[Stack]<UL><LI>Max Depth = 8<LI>Call Chain = print_menu
</UL>
<BR>[Called By]<UL><LI><a href="#[5e]">&gt;&gt;</a>&nbsp;&nbsp;&nbsp;c_entry
</UL>

<P><STRONG><a name="[5e]"></a>c_entry</STRONG> (Thumb, 162 bytes, Stack size 0 bytes, adc_interrupt.o(.text))
<BR><BR>[Stack]<UL><LI>Max Depth = 120<LI>Call Chain = c_entry &rArr; debug_frmwrk_init &rArr; UART_Init &rArr; uart_set_divisors &rArr; CLKPWR_GetCLK
</UL>
<BR>[Calls]<UL><LI><a href="#[5f]">&gt;&gt;</a>&nbsp;&nbsp;&nbsp;print_menu
<LI><a href="#[61]">&gt;&gt;</a>&nbsp;&nbsp;&nbsp;ADC_ChannelCmd
<LI><a href="#[60]">&gt;&gt;</a>&nbsp;&nbsp;&nbsp;ADC_IntConfig
<LI><a href="#[62]">&gt;&gt;</a>&nbsp;&nbsp;&nbsp;ADC_StartCmd
<LI><a href="#[37]">&gt;&gt;</a>&nbsp;&nbsp;&nbsp;ADC_Init
<LI><a href="#[49]">&gt;&gt;</a>&nbsp;&nbsp;&nbsp;PINSEL_ConfigPin
<LI><a href="#[48]">&gt;&gt;</a>&nbsp;&nbsp;&nbsp;debug_frmwrk_init
</UL>
<BR>[Called By]<UL><LI><a href="#[32]">&gt;&gt;</a>&nbsp;&nbsp;&nbsp;main
</UL>

<P><STRONG><a name="[32]"></a>main</STRONG> (Thumb, 4 bytes, Stack size 0 bytes, adc_interrupt.o(.text))
<BR><BR>[Stack]<UL><LI>Max Depth = 120<LI>Call Chain = main &rArr; c_entry &rArr; debug_frmwrk_init &rArr; UART_Init &rArr; uart_set_divisors &rArr; CLKPWR_GetCLK
</UL>
<BR>[Calls]<UL><LI><a href="#[5e]">&gt;&gt;</a>&nbsp;&nbsp;&nbsp;c_entry
</UL>
<BR>[Address Reference Count : 1]<UL><LI> entry7.o(.ARM.Collect$$$$00000007)
</UL><P>
<H3>
Local Symbols
</H3>
<P><STRONG><a name="[4e]"></a>PIN_GetPointer</STRONG> (Thumb, 18 bytes, Stack size 8 bytes, lpc178x_pinsel.o(.text))
<BR><BR>[Stack]<UL><LI>Max Depth = 8<LI>Call Chain = PIN_GetPointer
</UL>
<BR>[Called By]<UL><LI><a href="#[54]">&gt;&gt;</a>&nbsp;&nbsp;&nbsp;PINSEL_SetOpenDrainMode
<LI><a href="#[53]">&gt;&gt;</a>&nbsp;&nbsp;&nbsp;PINSEL_SetI2CMode
<LI><a href="#[52]">&gt;&gt;</a>&nbsp;&nbsp;&nbsp;PINSEL_SetInBufMode
<LI><a href="#[51]">&gt;&gt;</a>&nbsp;&nbsp;&nbsp;PINSEL_SetSlewMode
<LI><a href="#[50]">&gt;&gt;</a>&nbsp;&nbsp;&nbsp;PINSEL_SetHysMode
<LI><a href="#[4f]">&gt;&gt;</a>&nbsp;&nbsp;&nbsp;PINSEL_SetPinMode
<LI><a href="#[49]">&gt;&gt;</a>&nbsp;&nbsp;&nbsp;PINSEL_ConfigPin
</UL>

<P><STRONG><a name="[55]"></a>uart_set_divisors</STRONG> (Thumb, 308 bytes, Stack size 64 bytes, lpc178x_uart.o(.text))
<BR><BR>[Stack]<UL><LI>Max Depth = 88<LI>Call Chain = uart_set_divisors &rArr; CLKPWR_GetCLK
</UL>
<BR>[Calls]<UL><LI><a href="#[39]">&gt;&gt;</a>&nbsp;&nbsp;&nbsp;CLKPWR_GetCLK
</UL>
<BR>[Called By]<UL><LI><a href="#[4b]">&gt;&gt;</a>&nbsp;&nbsp;&nbsp;UART_Init
</UL>
<P>
<H3>
Undefined Global Symbols
</H3><HR></body></html>
