<html>
<body>
<pre>
<h1>µVision Build Log</h1>
<h2>Project:</h2>
D:\BU510.HPMS\BL08.R05.MCU\Parts\LPC1000\LPC1700\LPC177x_8x\LPC177x_8x CMSIS\SVN latest\lpc177x_8x\Examples\MCI\Mci_ReadWrite\Keil\Mci_ReadWrite.uvproj
Project File Date:  06/29/2011

<h2>Output:</h2>
Build target 'FLASH'
assembling startup_LPC177x_8x.s...
compiling system_LPC177x_8x.c...
compiling core_cm3.c...
compiling lpc177x_8x_pinsel.c...
compiling lpc177x_8x_clkpwr.c...
compiling lpc177x_8x_mci.c...
compiling lpc177x_8x_gpdma.c...
compiling debug_frmwrk.c...
compiling lpc177x_8x_uart.c...
compiling Mci_ReadWrite.c...
linking...
Program Size: Code=12644 RO-data=352 RW-data=588 ZI-data=1540  
FromELF: creating hex file...
".\Flash\Mci_ReadWrite.axf" - 0 Error(s), 0 Warning(s).
