ARM Linker, 4.1 [Build 644] [Standard]

==============================================================================

Section Cross References

    startup_lpc177x_8x.o(RESET) refers to startup_lpc177x_8x.o(STACK) for __initial_sp
    startup_lpc177x_8x.o(RESET) refers to startup_lpc177x_8x.o(.text) for Reset_Handler
    startup_lpc177x_8x.o(RESET) refers to lpc177x_8x_mci.o(.text) for MCI_IRQHandler
    startup_lpc177x_8x.o(.text) refers to system_lpc177x_8x.o(.text) for SystemInit
    startup_lpc177x_8x.o(.text) refers to entry.o(.ARM.Collect$$$$00000000) for __main
    system_lpc177x_8x.o(.text) refers to system_lpc177x_8x.o(.data) for SystemCoreClock
    lpc177x_8x_clkpwr.o(.text) refers to system_lpc177x_8x.o(.text) for SystemCoreClockUpdate
    lpc177x_8x_clkpwr.o(.text) refers to system_lpc177x_8x.o(.data) for SystemCoreClock
    lpc177x_8x_mci.o(.text) refers to lpc177x_8x_mci.o(.data) for MCI_CardType
    lpc177x_8x_mci.o(.text) refers to lpc177x_8x_pinsel.o(.text) for PINSEL_ConfigPin
    lpc177x_8x_gpdma.o(.text) refers to lpc177x_8x_clkpwr.o(.text) for CLKPWR_ConfigPPWR
    lpc177x_8x_gpdma.o(.text) refers to lpc177x_8x_gpdma.o(.data) for pGPDMACh
    lpc177x_8x_gpdma.o(.text) refers to lpc177x_8x_gpdma.o(.constdata) for GPDMA_LUTPerAddr
    debug_frmwrk.o(.text) refers to lpc177x_8x_uart.o(.text) for UART_Send
    debug_frmwrk.o(.text) refers to debug_frmwrk.o(.constdata) for .constdata
    debug_frmwrk.o(.text) refers to lpc177x_8x_pinsel.o(.text) for PINSEL_ConfigPin
    debug_frmwrk.o(.text) refers to debug_frmwrk.o(.data) for _db_msg
    lpc177x_8x_uart.o(.text) refers to lpc177x_8x_clkpwr.o(.text) for CLKPWR_GetCLK
    lpc177x_8x_uart.o(.text) refers to llshl.o(.text) for __aeabi_llsl
    lpc177x_8x_uart.o(.text) refers to uldiv.o(.text) for __aeabi_uldivmod
    lpc177x_8x_uart.o(.text) refers to llushr.o(.text) for __aeabi_llsr
    mci_readwrite.o(.text) refers to debug_frmwrk.o(.text) for debug_frmwrk_init
    mci_readwrite.o(.text) refers to lpc177x_8x_mci.o(.text) for MCI_Init
    mci_readwrite.o(.text) refers to mci_readwrite.o(.bss) for wrBuf
    mci_readwrite.o(.text) refers to debug_frmwrk.o(.data) for _db_msg_
    mci_readwrite.o(.text) refers to mci_readwrite.o(.data) for mciCidCardMenu
    entry.o(.ARM.Collect$$$$00000000) refers (Special) to entry7.o(.ARM.Collect$$$$00000007) for _main_init
    entry.o(.ARM.Collect$$$$00000000) refers (Special) to entry5.o(.ARM.Collect$$$$00000004) for _main_scatterload
    entry.o(.ARM.Collect$$$$00000000) refers (Special) to entry2.o(.ARM.Collect$$$$00000001) for _main_stk
    uldiv.o(.text) refers to llushr.o(.text) for __aeabi_llsr
    uldiv.o(.text) refers to llshl.o(.text) for __aeabi_llsl
    entry2.o(.ARM.Collect$$$$00000001) refers to entry2.o(.ARM.Collect$$$$00002712) for __lit__00000000
    entry2.o(.ARM.Collect$$$$00002712) refers to startup_lpc177x_8x.o(STACK) for __initial_sp
    entry2.o(__vectab_stack_and_reset_area) refers to startup_lpc177x_8x.o(STACK) for __initial_sp
    entry2.o(__vectab_stack_and_reset_area) refers to entry.o(.ARM.Collect$$$$00000000) for __main
    entry5.o(.ARM.Collect$$$$00000004) refers to init.o(.text) for __scatterload
    entry7.o(.ARM.Collect$$$$00000007) refers to mci_readwrite.o(.text) for main
    init.o(.text) refers to entry5.o(.ARM.Collect$$$$00000004) for __main_after_scatterload


==============================================================================

Removing Unused input sections from the image.

    Removing startup_lpc177x_8x.o(HEAP), (0 bytes).
    Removing system_lpc177x_8x.o(.emb_text), (8 bytes).
    Removing lpc177x_8x_pinsel.o(.emb_text), (8 bytes).
    Removing lpc177x_8x_clkpwr.o(.emb_text), (8 bytes).
    Removing lpc177x_8x_clkpwr.o(.data), (8 bytes).
    Removing lpc177x_8x_mci.o(.emb_text), (8 bytes).
    Removing lpc177x_8x_gpdma.o(.emb_text), (8 bytes).
    Removing lpc177x_8x_gpdma.o(.text), (980 bytes).
    Removing lpc177x_8x_gpdma.o(.constdata), (192 bytes).
    Removing lpc177x_8x_gpdma.o(.data), (32 bytes).
    Removing debug_frmwrk.o(.emb_text), (8 bytes).
    Removing lpc177x_8x_uart.o(.emb_text), (8 bytes).
    Removing mci_readwrite.o(.emb_text), (8 bytes).

13 unused section(s) (total 1276 bytes) removed from the image.

==============================================================================

Image Symbol Table

    Local Symbols

    Symbol Name                              Value     Ov Type        Size  Object(Section)

    RESET                                    0x00000000   Section      228  startup_lpc177x_8x.o(RESET)
    ../../../cmprslib/zerorunl2.c            0x00000000   Number         0  __dczerorl2.o ABSOLUTE
    ../../microlib/division.c                0x00000000   Number         0  uldiv.o ABSOLUTE
    ../../microlib/init/entry.s              0x00000000   Number         0  entry7.o ABSOLUTE
    ../../microlib/init/entry.s              0x00000000   Number         0  entry5.o ABSOLUTE
    ../../microlib/init/entry.s              0x00000000   Number         0  entry2.o ABSOLUTE
    ../../microlib/init/entry.s              0x00000000   Number         0  entry.o ABSOLUTE
    ../../microlib/longlong.c                0x00000000   Number         0  llushr.o ABSOLUTE
    ../../microlib/longlong.c                0x00000000   Number         0  llshl.o ABSOLUTE
    ..\..\..\..\Core\CM3\CoreSupport\core_cm3.c 0x00000000   Number         0  core_cm3.o ABSOLUTE
    ..\..\..\..\Core\CM3\DeviceSupport\NXP\LPC177x_8x\startup\arm\startup_LPC177x_8x.s 0x00000000   Number         0  startup_lpc177x_8x.o ABSOLUTE
    ..\..\..\..\Core\CM3\DeviceSupport\NXP\LPC177x_8x\system_LPC177x_8x.c 0x00000000   Number         0  system_lpc177x_8x.o ABSOLUTE
    ..\..\..\..\Drivers\source\debug_frmwrk.c 0x00000000   Number         0  debug_frmwrk.o ABSOLUTE
    ..\..\..\..\Drivers\source\lpc177x_8x_clkpwr.c 0x00000000   Number         0  lpc177x_8x_clkpwr.o ABSOLUTE
    ..\..\..\..\Drivers\source\lpc177x_8x_gpdma.c 0x00000000   Number         0  lpc177x_8x_gpdma.o ABSOLUTE
    ..\..\..\..\Drivers\source\lpc177x_8x_mci.c 0x00000000   Number         0  lpc177x_8x_mci.o ABSOLUTE
    ..\..\..\..\Drivers\source\lpc177x_8x_pinsel.c 0x00000000   Number         0  lpc177x_8x_pinsel.o ABSOLUTE
    ..\..\..\..\Drivers\source\lpc177x_8x_uart.c 0x00000000   Number         0  lpc177x_8x_uart.o ABSOLUTE
    ..\Mci_ReadWrite.c                       0x00000000   Number         0  mci_readwrite.o ABSOLUTE
    ..\\..\\..\\..\\Core\\CM3\\DeviceSupport\\NXP\\LPC177x_8x\\system_LPC177x_8x.c 0x00000000   Number         0  system_lpc177x_8x.o ABSOLUTE
    ..\\..\\..\\..\\Drivers\\source\\debug_frmwrk.c 0x00000000   Number         0  debug_frmwrk.o ABSOLUTE
    ..\\..\\..\\..\\Drivers\\source\\lpc177x_8x_clkpwr.c 0x00000000   Number         0  lpc177x_8x_clkpwr.o ABSOLUTE
    ..\\..\\..\\..\\Drivers\\source\\lpc177x_8x_gpdma.c 0x00000000   Number         0  lpc177x_8x_gpdma.o ABSOLUTE
    ..\\..\\..\\..\\Drivers\\source\\lpc177x_8x_mci.c 0x00000000   Number         0  lpc177x_8x_mci.o ABSOLUTE
    ..\\..\\..\\..\\Drivers\\source\\lpc177x_8x_pinsel.c 0x00000000   Number         0  lpc177x_8x_pinsel.o ABSOLUTE
    ..\\..\\..\\..\\Drivers\\source\\lpc177x_8x_uart.c 0x00000000   Number         0  lpc177x_8x_uart.o ABSOLUTE
    ..\\Mci_ReadWrite.c                      0x00000000   Number         0  mci_readwrite.o ABSOLUTE
    dc.s                                     0x00000000   Number         0  dc.o ABSOLUTE
    handlers.s                               0x00000000   Number         0  handlers.o ABSOLUTE
    init.s                                   0x00000000   Number         0  init.o ABSOLUTE
    .ARM.Collect$$$$00000000                 0x000000e4   Section        0  entry.o(.ARM.Collect$$$$00000000)
    .ARM.Collect$$$$00000001                 0x000000e4   Section        4  entry2.o(.ARM.Collect$$$$00000001)
    .ARM.Collect$$$$00000004                 0x000000e8   Section        4  entry5.o(.ARM.Collect$$$$00000004)
    .ARM.Collect$$$$00000007                 0x000000ec   Section        8  entry7.o(.ARM.Collect$$$$00000007)
    .ARM.Collect$$$$00002712                 0x000000f4   Section        4  entry2.o(.ARM.Collect$$$$00002712)
    __lit__00000000                          0x000000f4   Data           4  entry2.o(.ARM.Collect$$$$00002712)
    .text                                    0x000000f8   Section       36  startup_lpc177x_8x.o(.text)
    .text                                    0x0000011c   Section        0  lpc177x_8x_clkpwr.o(.text)
    .text                                    0x00000248   Section        0  uldiv.o(.text)
    .text                                    0x000002ac   Section        0  llshl.o(.text)
    .text                                    0x000002ca   Section        0  llushr.o(.text)
    i.__scatterload_copy                     0x000002ea   Section       14  handlers.o(i.__scatterload_copy)
    i.__scatterload_null                     0x000002f8   Section        2  handlers.o(i.__scatterload_null)
    .ARM.__at_0x02FC                         0x000002fc   Section        4  startup_lpc177x_8x.o(.ARM.__at_0x02FC)
    .text                                    0x00000300   Section        0  system_lpc177x_8x.o(.text)
    .text                                    0x000006c8   Section        0  lpc177x_8x_pinsel.o(.text)
    PIN_GetPointer                           0x000006c9   Thumb Code    24  lpc177x_8x_pinsel.o(.text)
    .text                                    0x00000948   Section        0  lpc177x_8x_mci.o(.text)
    .text                                    0x00001a34   Section        0  debug_frmwrk.o(.text)
    .text                                    0x000021ac   Section        0  lpc177x_8x_uart.o(.text)
    uart_set_divisors                        0x000021ad   Thumb Code   516  lpc177x_8x_uart.o(.text)
    .text                                    0x00002b54   Section        0  mci_readwrite.o(.text)
    .text                                    0x000031b8   Section       36  init.o(.text)
    .text                                    0x000031dc   Section        0  __dczerorl2.o(.text)
    i.__scatterload_zeroinit                 0x00003238   Section       14  handlers.o(i.__scatterload_zeroinit)
    .constdata                               0x00003248   Section       89  debug_frmwrk.o(.constdata)
    .data                                    0x10000000   Section       16  system_lpc177x_8x.o(.data)
    .data                                    0x10000010   Section       44  lpc177x_8x_mci.o(.data)
    .data                                    0x1000003c   Section       56  debug_frmwrk.o(.data)
    .data                                    0x10000074   Section      472  mci_readwrite.o(.data)
    .bss                                     0x1000024c   Section     1024  mci_readwrite.o(.bss)
    STACK                                    0x10000650   Section      512  startup_lpc177x_8x.o(STACK)

    Global Symbols

    Symbol Name                              Value     Ov Type        Size  Object(Section)

    BuildAttributes$$THM_ISAv4$P$D$K$B$S$PE$A:L22UL41UL21$X:L11$S22US41US21$IEEE1$IW$USESV6$~STKCKD$USESV7$~SHL$OSPACE$EBA8$MICROLIB$REQ8$PRES8$EABIv2 0x00000000   Number         0  anon$$obj.o ABSOLUTE
    __ARM_use_no_argv                        0x00000000   Number         0  mci_readwrite.o ABSOLUTE
    __Vectors                                0x00000000   Data           4  startup_lpc177x_8x.o(RESET)
    __main                                   0x000000e5   Thumb Code     0  entry.o(.ARM.Collect$$$$00000000)
    _main_stk                                0x000000e5   Thumb Code     0  entry2.o(.ARM.Collect$$$$00000001)
    _main_scatterload                        0x000000e9   Thumb Code     0  entry5.o(.ARM.Collect$$$$00000004)
    __main_after_scatterload                 0x000000ed   Thumb Code     0  entry5.o(.ARM.Collect$$$$00000004)
    _main_init                               0x000000ed   Thumb Code     0  entry7.o(.ARM.Collect$$$$00000007)
    Reset_Handler                            0x000000f9   Thumb Code     8  startup_lpc177x_8x.o(.text)
    NMI_Handler                              0x00000101   Thumb Code     2  startup_lpc177x_8x.o(.text)
    HardFault_Handler                        0x00000103   Thumb Code     2  startup_lpc177x_8x.o(.text)
    MemManage_Handler                        0x00000105   Thumb Code     2  startup_lpc177x_8x.o(.text)
    BusFault_Handler                         0x00000107   Thumb Code     2  startup_lpc177x_8x.o(.text)
    UsageFault_Handler                       0x00000109   Thumb Code     2  startup_lpc177x_8x.o(.text)
    SVC_Handler                              0x0000010b   Thumb Code     2  startup_lpc177x_8x.o(.text)
    DebugMon_Handler                         0x0000010d   Thumb Code     2  startup_lpc177x_8x.o(.text)
    PendSV_Handler                           0x0000010f   Thumb Code     2  startup_lpc177x_8x.o(.text)
    SysTick_Handler                          0x00000111   Thumb Code     2  startup_lpc177x_8x.o(.text)
    ADC_IRQHandler                           0x00000113   Thumb Code     0  startup_lpc177x_8x.o(.text)
    BOD_IRQHandler                           0x00000113   Thumb Code     0  startup_lpc177x_8x.o(.text)
    CANActivity_IRQHandler                   0x00000113   Thumb Code     0  startup_lpc177x_8x.o(.text)
    CAN_IRQHandler                           0x00000113   Thumb Code     0  startup_lpc177x_8x.o(.text)
    DMA_IRQHandler                           0x00000113   Thumb Code     0  startup_lpc177x_8x.o(.text)
    EEPROM_IRQHandler                        0x00000113   Thumb Code     0  startup_lpc177x_8x.o(.text)
    EINT0_IRQHandler                         0x00000113   Thumb Code     0  startup_lpc177x_8x.o(.text)
    EINT1_IRQHandler                         0x00000113   Thumb Code     0  startup_lpc177x_8x.o(.text)
    EINT2_IRQHandler                         0x00000113   Thumb Code     0  startup_lpc177x_8x.o(.text)
    EINT3_IRQHandler                         0x00000113   Thumb Code     0  startup_lpc177x_8x.o(.text)
    ENET_IRQHandler                          0x00000113   Thumb Code     0  startup_lpc177x_8x.o(.text)
    GPIO_IRQHandler                          0x00000113   Thumb Code     0  startup_lpc177x_8x.o(.text)
    I2C0_IRQHandler                          0x00000113   Thumb Code     0  startup_lpc177x_8x.o(.text)
    I2C1_IRQHandler                          0x00000113   Thumb Code     0  startup_lpc177x_8x.o(.text)
    I2C2_IRQHandler                          0x00000113   Thumb Code     0  startup_lpc177x_8x.o(.text)
    I2S_IRQHandler                           0x00000113   Thumb Code     0  startup_lpc177x_8x.o(.text)
    LCD_IRQHandler                           0x00000113   Thumb Code     0  startup_lpc177x_8x.o(.text)
    MCPWM_IRQHandler                         0x00000113   Thumb Code     0  startup_lpc177x_8x.o(.text)
    PLL0_IRQHandler                          0x00000113   Thumb Code     0  startup_lpc177x_8x.o(.text)
    PLL1_IRQHandler                          0x00000113   Thumb Code     0  startup_lpc177x_8x.o(.text)
    PWM0_IRQHandler                          0x00000113   Thumb Code     0  startup_lpc177x_8x.o(.text)
    PWM1_IRQHandler                          0x00000113   Thumb Code     0  startup_lpc177x_8x.o(.text)
    QEI_IRQHandler                           0x00000113   Thumb Code     0  startup_lpc177x_8x.o(.text)
    RTC_IRQHandler                           0x00000113   Thumb Code     0  startup_lpc177x_8x.o(.text)
    SPIFI_IRQHandler                         0x00000113   Thumb Code     0  startup_lpc177x_8x.o(.text)
    SSP0_IRQHandler                          0x00000113   Thumb Code     0  startup_lpc177x_8x.o(.text)
    SSP1_IRQHandler                          0x00000113   Thumb Code     0  startup_lpc177x_8x.o(.text)
    SSP2_IRQHandler                          0x00000113   Thumb Code     0  startup_lpc177x_8x.o(.text)
    TIMER0_IRQHandler                        0x00000113   Thumb Code     0  startup_lpc177x_8x.o(.text)
    TIMER1_IRQHandler                        0x00000113   Thumb Code     0  startup_lpc177x_8x.o(.text)
    TIMER2_IRQHandler                        0x00000113   Thumb Code     0  startup_lpc177x_8x.o(.text)
    TIMER3_IRQHandler                        0x00000113   Thumb Code     0  startup_lpc177x_8x.o(.text)
    UART0_IRQHandler                         0x00000113   Thumb Code     0  startup_lpc177x_8x.o(.text)
    UART1_IRQHandler                         0x00000113   Thumb Code     0  startup_lpc177x_8x.o(.text)
    UART2_IRQHandler                         0x00000113   Thumb Code     0  startup_lpc177x_8x.o(.text)
    UART3_IRQHandler                         0x00000113   Thumb Code     0  startup_lpc177x_8x.o(.text)
    UART4_IRQHandler                         0x00000113   Thumb Code     0  startup_lpc177x_8x.o(.text)
    USBActivity_IRQHandler                   0x00000113   Thumb Code     0  startup_lpc177x_8x.o(.text)
    USB_IRQHandler                           0x00000113   Thumb Code     0  startup_lpc177x_8x.o(.text)
    WDT_IRQHandler                           0x00000113   Thumb Code     0  startup_lpc177x_8x.o(.text)
    CLKPWR_SetCLKDiv                         0x0000011d   Thumb Code    90  lpc177x_8x_clkpwr.o(.text)
    CLKPWR_GetCLK                            0x00000177   Thumb Code    46  lpc177x_8x_clkpwr.o(.text)
    CLKPWR_ConfigPPWR                        0x000001a5   Thumb Code    38  lpc177x_8x_clkpwr.o(.text)
    CLKPWR_Sleep                             0x000001cb   Thumb Code    12  lpc177x_8x_clkpwr.o(.text)
    CLKPWR_DeepSleep                         0x000001d7   Thumb Code    22  lpc177x_8x_clkpwr.o(.text)
    CLKPWR_PowerDown                         0x000001ed   Thumb Code    22  lpc177x_8x_clkpwr.o(.text)
    CLKPWR_DeepPowerDown                     0x00000203   Thumb Code    22  lpc177x_8x_clkpwr.o(.text)
    __aeabi_uldivmod                         0x00000249   Thumb Code   100  uldiv.o(.text)
    __aeabi_llsl                             0x000002ad   Thumb Code    30  llshl.o(.text)
    _ll_shift_l                              0x000002ad   Thumb Code     0  llshl.o(.text)
    __aeabi_llsr                             0x000002cb   Thumb Code    32  llushr.o(.text)
    _ll_ushift_r                             0x000002cb   Thumb Code     0  llushr.o(.text)
    __scatterload_copy                       0x000002eb   Thumb Code    14  handlers.o(i.__scatterload_copy)
    __scatterload_null                       0x000002f9   Thumb Code     2  handlers.o(i.__scatterload_null)
    SystemCoreClockUpdate                    0x00000301   Thumb Code   698  system_lpc177x_8x.o(.text)
    SystemInit                               0x000005bb   Thumb Code   186  system_lpc177x_8x.o(.text)
    PINSEL_ConfigPin                         0x000006e1   Thumb Code    46  lpc177x_8x_pinsel.o(.text)
    PINSEL_SetPinMode                        0x0000070f   Thumb Code    46  lpc177x_8x_pinsel.o(.text)
    PINSEL_SetHysMode                        0x0000073d   Thumb Code    50  lpc177x_8x_pinsel.o(.text)
    PINSEL_SetSlewMode                       0x0000076f   Thumb Code    50  lpc177x_8x_pinsel.o(.text)
    PINSEL_SetInBufMode                      0x000007a1   Thumb Code    50  lpc177x_8x_pinsel.o(.text)
    PINSEL_SetI2CMode                        0x000007d3   Thumb Code    46  lpc177x_8x_pinsel.o(.text)
    PINSEL_SetOpenDrainMode                  0x00000801   Thumb Code    50  lpc177x_8x_pinsel.o(.text)
    PINSEL_SetAnalogPinMode                  0x00000833   Thumb Code   136  lpc177x_8x_pinsel.o(.text)
    PINSEL_DacEnable                         0x000008bb   Thumb Code    58  lpc177x_8x_pinsel.o(.text)
    PINSEL_SetFilter                         0x000008f5   Thumb Code    78  lpc177x_8x_pinsel.o(.text)
    MCI_ReadFifo                             0x00000949   Thumb Code    40  lpc177x_8x_mci.o(.text)
    MCI_WriteFifo                            0x00000971   Thumb Code    38  lpc177x_8x_mci.o(.text)
    MCI_TXEnable                             0x00000997   Thumb Code    18  lpc177x_8x_mci.o(.text)
    MCI_TXDisable                            0x000009a9   Thumb Code    18  lpc177x_8x_mci.o(.text)
    MCI_RXEnable                             0x000009bb   Thumb Code    18  lpc177x_8x_mci.o(.text)
    MCI_RXDisable                            0x000009cd   Thumb Code    18  lpc177x_8x_mci.o(.text)
    MCI_GetCmdResp                           0x000009df   Thumb Code   220  lpc177x_8x_mci.o(.text)
    MCI_SendCmd                              0x00000abb   Thumb Code   132  lpc177x_8x_mci.o(.text)
    MCI_CmdResp                              0x00000b3f   Thumb Code    58  lpc177x_8x_mci.o(.text)
    MCI_GetCardStatus                        0x00000b79   Thumb Code   126  lpc177x_8x_mci.o(.text)
    MCI_CheckStatus                          0x00000bf7   Thumb Code    66  lpc177x_8x_mci.o(.text)
    MCI_CmdProcess                           0x00000c39   Thumb Code    78  lpc177x_8x_mci.o(.text)
    MCI_DataErrorProcess                     0x00000c87   Thumb Code    78  lpc177x_8x_mci.o(.text)
    MCI_DATA_END_InterruptService            0x00000cd5   Thumb Code    56  lpc177x_8x_mci.o(.text)
    MCI_FIFOInterruptService                 0x00000d0d   Thumb Code   188  lpc177x_8x_mci.o(.text)
    MCI_IRQHandler                           0x00000dc9   Thumb Code    64  lpc177x_8x_mci.o(.text)
    MCI_Set_MCIClock                         0x00000e09   Thumb Code    76  lpc177x_8x_mci.o(.text)
    MCI_Cmd_SendACMD                         0x00000e55   Thumb Code   122  lpc177x_8x_mci.o(.text)
    MCI_Cmd_SendAcmdBusWidth                 0x00000ecf   Thumb Code   130  lpc177x_8x_mci.o(.text)
    MCI_SetBusWidth                          0x00000f51   Thumb Code    72  lpc177x_8x_mci.o(.text)
    MCI_Cmd_SendOpCond                       0x00000f99   Thumb Code   110  lpc177x_8x_mci.o(.text)
    MCI_SetOutputMode                        0x00001007   Thumb Code    32  lpc177x_8x_mci.o(.text)
    MCI_Cmd_SendAcmdOpCond                   0x00001027   Thumb Code   158  lpc177x_8x_mci.o(.text)
    MCI_Cmd_SendIfCond                       0x000010c5   Thumb Code   184  lpc177x_8x_mci.o(.text)
    MCI_CardReset                            0x0000117d   Thumb Code    18  lpc177x_8x_mci.o(.text)
    MCI_CardInit                             0x0000118f   Thumb Code   172  lpc177x_8x_mci.o(.text)
    MCI_Init                                 0x0000123b   Thumb Code   336  lpc177x_8x_mci.o(.text)
    MCI_GetCardType                          0x0000138b   Thumb Code     8  lpc177x_8x_mci.o(.text)
    MCI_GetCID                               0x00001393   Thumb Code   156  lpc177x_8x_mci.o(.text)
    MCI_SetCardAddress                       0x0000142f   Thumb Code   148  lpc177x_8x_mci.o(.text)
    MCI_GetCardAddress                       0x000014c3   Thumb Code     6  lpc177x_8x_mci.o(.text)
    MCI_GetCSD                               0x000014c9   Thumb Code   128  lpc177x_8x_mci.o(.text)
    MCI_Cmd_SelectCard                       0x00001549   Thumb Code   178  lpc177x_8x_mci.o(.text)
    MCI_SetBlockLen                          0x000015fb   Thumb Code   142  lpc177x_8x_mci.o(.text)
    MCI_GetBlockXferEndState                 0x00001689   Thumb Code     6  lpc177x_8x_mci.o(.text)
    MCI_Cmd_StopTransmission                 0x0000168f   Thumb Code   114  lpc177x_8x_mci.o(.text)
    MCI_Cmd_WriteBlock                       0x00001701   Thumb Code   158  lpc177x_8x_mci.o(.text)
    MCI_Cmd_ReadSingleBlock                  0x0000179f   Thumb Code   142  lpc177x_8x_mci.o(.text)
    MCI_Cmd_ReadBlock                        0x0000182d   Thumb Code   158  lpc177x_8x_mci.o(.text)
    MCI_WriteBlock                           0x000018cb   Thumb Code   158  lpc177x_8x_mci.o(.text)
    MCI_ReadBlock                            0x00001969   Thumb Code   174  lpc177x_8x_mci.o(.text)
    MCI_PowerOff                             0x00001a17   Thumb Code    24  lpc177x_8x_mci.o(.text)
    UARTPutChar                              0x00001a35   Thumb Code    20  debug_frmwrk.o(.text)
    UARTGetChar                              0x00001a49   Thumb Code    30  debug_frmwrk.o(.text)
    UARTPuts                                 0x00001a67   Thumb Code    32  debug_frmwrk.o(.text)
    UARTGetValue                             0x00001a87   Thumb Code   392  debug_frmwrk.o(.text)
    UARTPuts_                                0x00001c0f   Thumb Code    24  debug_frmwrk.o(.text)
    UARTPutDec                               0x00001c27   Thumb Code   114  debug_frmwrk.o(.text)
    UARTPutDec16                             0x00001c99   Thumb Code   182  debug_frmwrk.o(.text)
    UARTPutDec32                             0x00001d4f   Thumb Code   346  debug_frmwrk.o(.text)
    UARTPutHex_                              0x00001ea9   Thumb Code    66  debug_frmwrk.o(.text)
    UARTPutHex                               0x00001eeb   Thumb Code    74  debug_frmwrk.o(.text)
    UARTPutHex16_                            0x00001f35   Thumb Code   188  debug_frmwrk.o(.text)
    UARTPutHex16                             0x00001ff1   Thumb Code    76  debug_frmwrk.o(.text)
    UARTPutHex32_                            0x0000203d   Thumb Code    66  debug_frmwrk.o(.text)
    UARTPutHex32                             0x0000207f   Thumb Code    76  debug_frmwrk.o(.text)
    debug_frmwrk_init                        0x000020cb   Thumb Code   164  debug_frmwrk.o(.text)
    UART_Init                                0x000023b1   Thumb Code   342  lpc177x_8x_uart.o(.text)
    UART_TxCmd                               0x00002507   Thumb Code    72  lpc177x_8x_uart.o(.text)
    UART_DeInit                              0x0000254f   Thumb Code    76  lpc177x_8x_uart.o(.text)
    UART_ConfigStructInit                    0x0000259b   Thumb Code    22  lpc177x_8x_uart.o(.text)
    UART_SendByte                            0x000025b1   Thumb Code    14  lpc177x_8x_uart.o(.text)
    UART_ReceiveByte                         0x000025bf   Thumb Code    16  lpc177x_8x_uart.o(.text)
    UART_Send                                0x000025cf   Thumb Code   198  lpc177x_8x_uart.o(.text)
    UART_Receive                             0x00002695   Thumb Code   162  lpc177x_8x_uart.o(.text)
    UART_ForceBreak                          0x00002737   Thumb Code    26  lpc177x_8x_uart.o(.text)
    UART_IntConfig                           0x00002751   Thumb Code   136  lpc177x_8x_uart.o(.text)
    UART_GetLineStatus                       0x000027d9   Thumb Code    16  lpc177x_8x_uart.o(.text)
    UART_GetIntId                            0x000027e9   Thumb Code    14  lpc177x_8x_uart.o(.text)
    UART_CheckBusy                           0x000027f7   Thumb Code    18  lpc177x_8x_uart.o(.text)
    UART_FIFOConfig                          0x00002809   Thumb Code   122  lpc177x_8x_uart.o(.text)
    UART_FIFOConfigStructInit                0x00002883   Thumb Code    18  lpc177x_8x_uart.o(.text)
    UART_ABCmd                               0x00002895   Thumb Code   146  lpc177x_8x_uart.o(.text)
    UART_ABClearIntPending                   0x00002927   Thumb Code    26  lpc177x_8x_uart.o(.text)
    UART_IrDAInvtInputCmd                    0x00002941   Thumb Code    34  lpc177x_8x_uart.o(.text)
    UART_IrDACmd                             0x00002963   Thumb Code    32  lpc177x_8x_uart.o(.text)
    UART_IrDAPulseDivConfig                  0x00002983   Thumb Code    42  lpc177x_8x_uart.o(.text)
    UART_FullModemForcePinState              0x000029ad   Thumb Code    68  lpc177x_8x_uart.o(.text)
    UART_FullModemConfigMode                 0x000029f1   Thumb Code    70  lpc177x_8x_uart.o(.text)
    UART_FullModemGetStatus                  0x00002a37   Thumb Code     6  lpc177x_8x_uart.o(.text)
    UART_RS485Config                         0x00002a3d   Thumb Code   112  lpc177x_8x_uart.o(.text)
    UART_RS485ReceiverCmd                    0x00002aad   Thumb Code    32  lpc177x_8x_uart.o(.text)
    UART_RS485Send                           0x00002acd   Thumb Code    92  lpc177x_8x_uart.o(.text)
    UART_RS485SendSlvAddr                    0x00002b29   Thumb Code    20  lpc177x_8x_uart.o(.text)
    UART_RS485SendData                       0x00002b3d   Thumb Code    24  lpc177x_8x_uart.o(.text)
    main                                     0x00002b55   Thumb Code   794  mci_readwrite.o(.text)
    __scatterload                            0x000031b9   Thumb Code    28  init.o(.text)
    __scatterload_rt2                        0x000031b9   Thumb Code     0  init.o(.text)
    __decompress                             0x000031dd   Thumb Code     0  __dczerorl2.o(.text)
    __decompress1                            0x000031dd   Thumb Code    92  __dczerorl2.o(.text)
    __scatterload_zeroinit                   0x00003239   Thumb Code    14  handlers.o(i.__scatterload_zeroinit)
    Region$$Table$$Base                      0x000032a4   Number         0  anon$$obj.o(Region$$Table)
    Region$$Table$$Limit                     0x000032c4   Number         0  anon$$obj.o(Region$$Table)
    SystemCoreClock                          0x10000000   Data           4  system_lpc177x_8x.o(.data)
    PeripheralClock                          0x10000004   Data           4  system_lpc177x_8x.o(.data)
    EMCClock                                 0x10000008   Data           4  system_lpc177x_8x.o(.data)
    USBClock                                 0x1000000c   Data           4  system_lpc177x_8x.o(.data)
    Mci_Block_Xfer_End                       0x10000010   Data           4  lpc177x_8x_mci.o(.data)
    dataSrcBlock                             0x10000014   Data           4  lpc177x_8x_mci.o(.data)
    dataDestBlock                            0x10000018   Data           4  lpc177x_8x_mci.o(.data)
    txBlockCnt                               0x1000001c   Data           4  lpc177x_8x_mci.o(.data)
    rxBlockCnt                               0x10000020   Data           4  lpc177x_8x_mci.o(.data)
    CardRCA                                  0x10000024   Data           4  lpc177x_8x_mci.o(.data)
    MCI_CardType                             0x10000028   Data           1  lpc177x_8x_mci.o(.data)
    dmaWrCh_TermianalCnt                     0x1000002c   Data           4  lpc177x_8x_mci.o(.data)
    dmaWrCh_ErrorCnt                         0x10000030   Data           4  lpc177x_8x_mci.o(.data)
    dmaRdCh_TermianalCnt                     0x10000034   Data           4  lpc177x_8x_mci.o(.data)
    dmaRdCh_ErrorCnt                         0x10000038   Data           4  lpc177x_8x_mci.o(.data)
    _db_msg                                  0x1000003c   Data           4  debug_frmwrk.o(.data)
    _db_msg_                                 0x10000040   Data           4  debug_frmwrk.o(.data)
    _db_char                                 0x10000044   Data           4  debug_frmwrk.o(.data)
    _db_dec                                  0x10000048   Data           4  debug_frmwrk.o(.data)
    _db_dec_16                               0x1000004c   Data           4  debug_frmwrk.o(.data)
    _db_dec_32                               0x10000050   Data           4  debug_frmwrk.o(.data)
    _db_hex                                  0x10000054   Data           4  debug_frmwrk.o(.data)
    _db_hex_16                               0x10000058   Data           4  debug_frmwrk.o(.data)
    _db_hex_32                               0x1000005c   Data           4  debug_frmwrk.o(.data)
    _db_hex_                                 0x10000060   Data           4  debug_frmwrk.o(.data)
    _db_hex_16_                              0x10000064   Data           4  debug_frmwrk.o(.data)
    _db_hex_32_                              0x10000068   Data           4  debug_frmwrk.o(.data)
    _db_get_char                             0x1000006c   Data           4  debug_frmwrk.o(.data)
    _db_get_val                              0x10000070   Data           4  debug_frmwrk.o(.data)
    mciCidCardMenu                           0x10000074   Data         461  mci_readwrite.o(.data)
    WriteBlock                               0x10000244   Data           4  mci_readwrite.o(.data)
    ReadBlock                                0x10000248   Data           4  mci_readwrite.o(.data)
    wrBuf                                    0x1000024c   Data         512  mci_readwrite.o(.bss)
    rdBuf                                    0x1000044c   Data         512  mci_readwrite.o(.bss)
    __initial_sp                             0x10000850   Data           0  startup_lpc177x_8x.o(STACK)



==============================================================================

Memory Map of the image

  Image Entry point : 0x000000e5

  Load Region LR_IROM1 (Base: 0x00000000, Size: 0x00003510, Max: 0x00080000, ABSOLUTE, COMPRESSED[0x000033fc])

    Execution Region ER_IROM1 (Base: 0x00000000, Size: 0x000032c4, Max: 0x00080000, ABSOLUTE)

    Base Addr    Size         Type   Attr      Idx    E Section Name        Object

    0x00000000   0x000000e4   Data   RO            3    RESET               startup_lpc177x_8x.o
    0x000000e4   0x00000000   Code   RO          234  * .ARM.Collect$$$$00000000  mc_w.l(entry.o)
    0x000000e4   0x00000004   Code   RO          243    .ARM.Collect$$$$00000001  mc_w.l(entry2.o)
    0x000000e8   0x00000004   Code   RO          246    .ARM.Collect$$$$00000004  mc_w.l(entry5.o)
    0x000000ec   0x00000008   Code   RO          247    .ARM.Collect$$$$00000007  mc_w.l(entry7.o)
    0x000000f4   0x00000004   Code   RO          244    .ARM.Collect$$$$00002712  mc_w.l(entry2.o)
    0x000000f8   0x00000024   Code   RO            5    .text               startup_lpc177x_8x.o
    0x0000011c   0x0000012c   Code   RO           81    .text               lpc177x_8x_clkpwr.o
    0x00000248   0x00000064   Code   RO          237    .text               mc_w.l(uldiv.o)
    0x000002ac   0x0000001e   Code   RO          239    .text               mc_w.l(llshl.o)
    0x000002ca   0x00000020   Code   RO          241    .text               mc_w.l(llushr.o)
    0x000002ea   0x0000000e   Code   RO          252    i.__scatterload_copy  mc_w.l(handlers.o)
    0x000002f8   0x00000002   Code   RO          253    i.__scatterload_null  mc_w.l(handlers.o)
    0x000002fa   0x00000002   PAD
    0x000002fc   0x00000004   Code   RO            4    .ARM.__at_0x02FC    startup_lpc177x_8x.o
    0x00000300   0x000003c8   Code   RO           14    .text               system_lpc177x_8x.o
    0x000006c8   0x00000280   Code   RO           59    .text               lpc177x_8x_pinsel.o
    0x00000948   0x000010ec   Code   RO          107    .text               lpc177x_8x_mci.o
    0x00001a34   0x00000778   Code   RO          159    .text               debug_frmwrk.o
    0x000021ac   0x000009a8   Code   RO          185    .text               lpc177x_8x_uart.o
    0x00002b54   0x00000664   Code   RO          201    .text               mci_readwrite.o
    0x000031b8   0x00000024   Code   RO          248    .text               mc_w.l(init.o)
    0x000031dc   0x0000005c   Code   RO          258    .text               mc_w.l(__dczerorl2.o)
    0x00003238   0x0000000e   Code   RO          254    i.__scatterload_zeroinit  mc_w.l(handlers.o)
    0x00003246   0x00000002   PAD
    0x00003248   0x00000059   Data   RO          160    .constdata          debug_frmwrk.o
    0x000032a1   0x00000003   PAD
    0x000032a4   0x00000020   Data   RO          250    Region$$Table       anon$$obj.o


    Execution Region RW_IRAM1 (Base: 0x10000000, Size: 0x00000850, Max: 0x00010000, ABSOLUTE, COMPRESSED[0x00000138])

    Base Addr    Size         Type   Attr      Idx    E Section Name        Object

    0x10000000   0x00000010   Data   RW           15    .data               system_lpc177x_8x.o
    0x10000010   0x0000002c   Data   RW          108    .data               lpc177x_8x_mci.o
    0x1000003c   0x00000038   Data   RW          161    .data               debug_frmwrk.o
    0x10000074   0x000001d8   Data   RW          203    .data               mci_readwrite.o
    0x1000024c   0x00000400   Zero   RW          202    .bss                mci_readwrite.o
    0x1000064c   0x00000004   PAD
    0x10000650   0x00000200   Zero   RW            1    STACK               startup_lpc177x_8x.o


    Execution Region RW_IRAM2 (Base: 0x20000000, Size: 0x00000000, Max: 0x00008000, ABSOLUTE)

    **** No section assigned to this execution region ****


==============================================================================

Image component sizes


      Code (inc. data)   RO Data    RW Data    ZI Data      Debug   Object Name

      1912        196         89         56          0      13580   debug_frmwrk.o
       300         48          0          0          0       1599   lpc177x_8x_clkpwr.o
      4332        108          0         44          0      61454   lpc177x_8x_mci.o
       640          6          0          0          0      11102   lpc177x_8x_pinsel.o
      2472         28          0          0          0       9801   lpc177x_8x_uart.o
      1636        842          0        472       1024       2233   mci_readwrite.o
        40         12        228          0        512       1260   startup_lpc177x_8x.o
       968         84          0         16          0      27447   system_lpc177x_8x.o

    ----------------------------------------------------------------------
     12300       1324        352        588       1540     128476   Object Totals
         0          0         32          0          0          0   (incl. Generated)
         0          0          3          0          4          0   (incl. Padding)

    ----------------------------------------------------------------------

      Code (inc. data)   RO Data    RW Data    ZI Data      Debug   Library Member Name

        92          0          0          0          0          0   __dczerorl2.o
         0          0          0          0          0          0   entry.o
         8          4          0          0          0          0   entry2.o
         4          0          0          0          0          0   entry5.o
         8          4          0          0          0          0   entry7.o
        30          0          0          0          0          0   handlers.o
        36          8          0          0          0         68   init.o
        30          0          0          0          0         68   llshl.o
        32          0          0          0          0         68   llushr.o
       100          0          0          0          0         92   uldiv.o

    ----------------------------------------------------------------------
       344         16          0          0          0        296   Library Totals
         4          0          0          0          0          0   (incl. Padding)

    ----------------------------------------------------------------------

      Code (inc. data)   RO Data    RW Data    ZI Data      Debug   Library Name

       340         16          0          0          0        296   mc_w.l

    ----------------------------------------------------------------------
       344         16          0          0          0        296   Library Totals

    ----------------------------------------------------------------------

==============================================================================


      Code (inc. data)   RO Data    RW Data    ZI Data      Debug   

     12644       1340        352        588       1540     128148   Grand Totals
     12644       1340        352        312       1540     128148   ELF Image Totals (compressed)
     12644       1340        352        312          0          0   ROM Totals

==============================================================================

    Total RO  Size (Code + RO Data)                12996 (  12.69kB)
    Total RW  Size (RW Data + ZI Data)              2128 (   2.08kB)
    Total ROM Size (Code + RO Data + RW Data)      13308 (  13.00kB)

==============================================================================

